[  9%] Built target my_robot_interface__rosidl_generator_c
[ 12%] Built target my_robot_interface__rs
[ 15%] Built target my_robot_interface__cpp
[ 15%] Built target ament_cmake_python_copy_my_robot_interface
[ 25%] Built target my_robot_interface__rosidl_typesupport_introspection_c
[ 34%] Built target my_robot_interface__rosidl_typesupport_fastrtps_c
[ 43%] Built target my_robot_interface__rosidl_typesupport_c
[ 53%] Built target my_robot_interface__rosidl_typesupport_cpp
[ 65%] Built target my_robot_interface__rosidl_typesupport_introspection_cpp
[ 71%] Built target my_robot_interface__rosidl_typesupport_fastrtps_cpp
[ 71%] Built target my_robot_interface
[ 75%] Built target my_robot_interface__py
[ 81%] Built target my_robot_interface__rosidl_generator_py
[ 93%] Built target my_robot_interface__rosidl_typesupport_fastrtps_c__pyext
[ 93%] Built target my_robot_interface__rosidl_typesupport_c__pyext
[100%] Built target my_robot_interface__rosidl_typesupport_introspection_c__pyext
running egg_info
writing my_robot_interface.egg-info/PKG-INFO
writing dependency_links to my_robot_interface.egg-info/dependency_links.txt
writing top-level names to my_robot_interface.egg-info/top_level.txt
reading manifest file 'my_robot_interface.egg-info/SOURCES.txt'
writing manifest file 'my_robot_interface.egg-info/SOURCES.txt'
[100%] Built target ament_cmake_python_build_my_robot_interface_egg
-- Install configuration: ""
-- Up-to-date: /home/omi/action_ws/install/my_robot_interface/share/ament_index/resource_index/rosidl_interfaces/my_robot_interface
-- Up-to-date: /home/omi/action_ws/install/my_robot_interface/include/my_robot_interface/my_robot_interface
-- Up-to-date: /home/omi/action_ws/install/my_robot_interface/include/my_robot_interface/my_robot_interface/action
-- Up-to-date: /home/omi/action_ws/install/my_robot_interface/include/my_robot_interface/my_robot_interface/action/count_until.h
-- Up-to-date: /home/omi/action_ws/install/my_robot_interface/include/my_robot_interface/my_robot_interface/action/detail
-- Up-to-date: /home/omi/action_ws/install/my_robot_interface/include/my_robot_interface/my_robot_interface/action/detail/count_until__struct.h
-- Up-to-date: /home/omi/action_ws/install/my_robot_interface/include/my_robot_interface/my_robot_interface/action/detail/count_until__functions.c
-- Up-to-date: /home/omi/action_ws/install/my_robot_interface/include/my_robot_interface/my_robot_interface/action/detail/count_until__functions.h
-- Up-to-date: /home/omi/action_ws/install/my_robot_interface/include/my_robot_interface/my_robot_interface/action/detail/count_until__type_support.h
-- Up-to-date: /home/omi/action_ws/install/my_robot_interface/include/my_robot_interface/my_robot_interface/msg
-- Up-to-date: /home/omi/action_ws/install/my_robot_interface/include/my_robot_interface/my_robot_interface/msg/rosidl_generator_c__visibility_control.h
-- Up-to-date: /home/omi/action_ws/install/my_robot_interface/share/my_robot_interface/environment/library_path.sh
-- Up-to-date: /home/omi/action_ws/install/my_robot_interface/share/my_robot_interface/environment/library_path.dsv
-- Up-to-date: /home/omi/action_ws/install/my_robot_interface/lib/libmy_robot_interface__rosidl_generator_c.so
-- Up-to-date: /home/omi/action_ws/install/my_robot_interface/include/my_robot_interface/my_robot_interface
-- Up-to-date: /home/omi/action_ws/install/my_robot_interface/include/my_robot_interface/my_robot_interface/action
-- Up-to-date: /home/omi/action_ws/install/my_robot_interface/include/my_robot_interface/my_robot_interface/action/detail
-- Up-to-date: /home/omi/action_ws/install/my_robot_interface/include/my_robot_interface/my_robot_interface/action/detail/count_until__rosidl_typesupport_fastrtps_c.h
-- Up-to-date: /home/omi/action_ws/install/my_robot_interface/include/my_robot_interface/my_robot_interface/msg
-- Up-to-date: /home/omi/action_ws/install/my_robot_interface/include/my_robot_interface/my_robot_interface/msg/rosidl_typesupport_fastrtps_c__visibility_control.h
-- Up-to-date: /home/omi/action_ws/install/my_robot_interface/lib/libmy_robot_interface__rosidl_typesupport_fastrtps_c.so
-- Up-to-date: /home/omi/action_ws/install/my_robot_interface/include/my_robot_interface/my_robot_interface
-- Up-to-date: /home/omi/action_ws/install/my_robot_interface/include/my_robot_interface/my_robot_interface/action
-- Up-to-date: /home/omi/action_ws/install/my_robot_interface/include/my_robot_interface/my_robot_interface/action/detail
-- Up-to-date: /home/omi/action_ws/install/my_robot_interface/include/my_robot_interface/my_robot_interface/action/detail/count_until__type_support.c
-- Up-to-date: /home/omi/action_ws/install/my_robot_interface/include/my_robot_interface/my_robot_interface/action/detail/count_until__rosidl_typesupport_introspection_c.h
-- Up-to-date: /home/omi/action_ws/install/my_robot_interface/include/my_robot_interface/my_robot_interface/msg
-- Up-to-date: /home/omi/action_ws/install/my_robot_interface/include/my_robot_interface/my_robot_interface/msg/rosidl_typesupport_introspection_c__visibility_control.h
-- Up-to-date: /home/omi/action_ws/install/my_robot_interface/lib/libmy_robot_interface__rosidl_typesupport_introspection_c.so
-- Up-to-date: /home/omi/action_ws/install/my_robot_interface/lib/libmy_robot_interface__rosidl_typesupport_c.so
-- Up-to-date: /home/omi/action_ws/install/my_robot_interface/include/my_robot_interface/my_robot_interface
-- Up-to-date: /home/omi/action_ws/install/my_robot_interface/include/my_robot_interface/my_robot_interface/action
-- Up-to-date: /home/omi/action_ws/install/my_robot_interface/include/my_robot_interface/my_robot_interface/action/detail
-- Up-to-date: /home/omi/action_ws/install/my_robot_interface/include/my_robot_interface/my_robot_interface/action/detail/count_until__traits.hpp
-- Up-to-date: /home/omi/action_ws/install/my_robot_interface/include/my_robot_interface/my_robot_interface/action/detail/count_until__builder.hpp
-- Up-to-date: /home/omi/action_ws/install/my_robot_interface/include/my_robot_interface/my_robot_interface/action/detail/count_until__type_support.hpp
-- Up-to-date: /home/omi/action_ws/install/my_robot_interface/include/my_robot_interface/my_robot_interface/action/detail/count_until__struct.hpp
-- Up-to-date: /home/omi/action_ws/install/my_robot_interface/include/my_robot_interface/my_robot_interface/action/count_until.hpp
-- Up-to-date: /home/omi/action_ws/install/my_robot_interface/include/my_robot_interface/my_robot_interface/msg
-- Up-to-date: /home/omi/action_ws/install/my_robot_interface/include/my_robot_interface/my_robot_interface/msg/rosidl_generator_cpp__visibility_control.hpp
-- Up-to-date: /home/omi/action_ws/install/my_robot_interface/include/my_robot_interface/my_robot_interface
-- Up-to-date: /home/omi/action_ws/install/my_robot_interface/include/my_robot_interface/my_robot_interface/action
-- Up-to-date: /home/omi/action_ws/install/my_robot_interface/include/my_robot_interface/my_robot_interface/action/detail
-- Up-to-date: /home/omi/action_ws/install/my_robot_interface/include/my_robot_interface/my_robot_interface/action/detail/dds_fastrtps
-- Up-to-date: /home/omi/action_ws/install/my_robot_interface/include/my_robot_interface/my_robot_interface/action/detail/count_until__rosidl_typesupport_fastrtps_cpp.hpp
-- Up-to-date: /home/omi/action_ws/install/my_robot_interface/include/my_robot_interface/my_robot_interface/msg
-- Up-to-date: /home/omi/action_ws/install/my_robot_interface/include/my_robot_interface/my_robot_interface/msg/rosidl_typesupport_fastrtps_cpp__visibility_control.h
-- Up-to-date: /home/omi/action_ws/install/my_robot_interface/lib/libmy_robot_interface__rosidl_typesupport_fastrtps_cpp.so
-- Up-to-date: /home/omi/action_ws/install/my_robot_interface/include/my_robot_interface/my_robot_interface
-- Up-to-date: /home/omi/action_ws/install/my_robot_interface/include/my_robot_interface/my_robot_interface/action
-- Up-to-date: /home/omi/action_ws/install/my_robot_interface/include/my_robot_interface/my_robot_interface/action/detail
-- Up-to-date: /home/omi/action_ws/install/my_robot_interface/include/my_robot_interface/my_robot_interface/action/detail/count_until__type_support.cpp
-- Up-to-date: /home/omi/action_ws/install/my_robot_interface/include/my_robot_interface/my_robot_interface/action/detail/count_until__rosidl_typesupport_introspection_cpp.hpp
-- Up-to-date: /home/omi/action_ws/install/my_robot_interface/lib/libmy_robot_interface__rosidl_typesupport_introspection_cpp.so
-- Up-to-date: /home/omi/action_ws/install/my_robot_interface/lib/libmy_robot_interface__rosidl_typesupport_cpp.so
-- Up-to-date: /home/omi/action_ws/install/my_robot_interface/share/my_robot_interface/environment/pythonpath.sh
-- Up-to-date: /home/omi/action_ws/install/my_robot_interface/share/my_robot_interface/environment/pythonpath.dsv
-- Up-to-date: /home/omi/action_ws/install/my_robot_interface/local/lib/python3.10/dist-packages/my_robot_interface-0.0.0-py3.10.egg-info
-- Installing: /home/omi/action_ws/install/my_robot_interface/local/lib/python3.10/dist-packages/my_robot_interface-0.0.0-py3.10.egg-info/dependency_links.txt
-- Installing: /home/omi/action_ws/install/my_robot_interface/local/lib/python3.10/dist-packages/my_robot_interface-0.0.0-py3.10.egg-info/SOURCES.txt
-- Installing: /home/omi/action_ws/install/my_robot_interface/local/lib/python3.10/dist-packages/my_robot_interface-0.0.0-py3.10.egg-info/top_level.txt
-- Installing: /home/omi/action_ws/install/my_robot_interface/local/lib/python3.10/dist-packages/my_robot_interface-0.0.0-py3.10.egg-info/PKG-INFO
-- Up-to-date: /home/omi/action_ws/install/my_robot_interface/local/lib/python3.10/dist-packages/my_robot_interface
-- Up-to-date: /home/omi/action_ws/install/my_robot_interface/local/lib/python3.10/dist-packages/my_robot_interface/__init__.py
-- Up-to-date: /home/omi/action_ws/install/my_robot_interface/local/lib/python3.10/dist-packages/my_robot_interface/my_robot_interface_s__rosidl_typesupport_c.cpython-310-x86_64-linux-gnu.so
-- Up-to-date: /home/omi/action_ws/install/my_robot_interface/local/lib/python3.10/dist-packages/my_robot_interface/_my_robot_interface_s.ep.rosidl_typesupport_introspection_c.c
-- Up-to-date: /home/omi/action_ws/install/my_robot_interface/local/lib/python3.10/dist-packages/my_robot_interface/libmy_robot_interface__rosidl_generator_py.so
-- Up-to-date: /home/omi/action_ws/install/my_robot_interface/local/lib/python3.10/dist-packages/my_robot_interface/action
-- Up-to-date: /home/omi/action_ws/install/my_robot_interface/local/lib/python3.10/dist-packages/my_robot_interface/action/__init__.py
-- Up-to-date: /home/omi/action_ws/install/my_robot_interface/local/lib/python3.10/dist-packages/my_robot_interface/action/_count_until.py
-- Up-to-date: /home/omi/action_ws/install/my_robot_interface/local/lib/python3.10/dist-packages/my_robot_interface/action/_count_until_s.c
-- Up-to-date: /home/omi/action_ws/install/my_robot_interface/local/lib/python3.10/dist-packages/my_robot_interface/_my_robot_interface_s.ep.rosidl_typesupport_fastrtps_c.c
-- Up-to-date: /home/omi/action_ws/install/my_robot_interface/local/lib/python3.10/dist-packages/my_robot_interface/my_robot_interface_s__rosidl_typesupport_fastrtps_c.cpython-310-x86_64-linux-gnu.so
-- Up-to-date: /home/omi/action_ws/install/my_robot_interface/local/lib/python3.10/dist-packages/my_robot_interface/_my_robot_interface_s.ep.rosidl_typesupport_c.c
-- Up-to-date: /home/omi/action_ws/install/my_robot_interface/local/lib/python3.10/dist-packages/my_robot_interface/my_robot_interface_s__rosidl_typesupport_introspection_c.cpython-310-x86_64-linux-gnu.so
Listing '/home/omi/action_ws/install/my_robot_interface/local/lib/python3.10/dist-packages/my_robot_interface'...
Listing '/home/omi/action_ws/install/my_robot_interface/local/lib/python3.10/dist-packages/my_robot_interface/action'...
-- Up-to-date: /home/omi/action_ws/install/my_robot_interface/local/lib/python3.10/dist-packages/my_robot_interface/my_robot_interface_s__rosidl_typesupport_fastrtps_c.cpython-310-x86_64-linux-gnu.so
-- Up-to-date: /home/omi/action_ws/install/my_robot_interface/local/lib/python3.10/dist-packages/my_robot_interface/my_robot_interface_s__rosidl_typesupport_introspection_c.cpython-310-x86_64-linux-gnu.so
-- Up-to-date: /home/omi/action_ws/install/my_robot_interface/local/lib/python3.10/dist-packages/my_robot_interface/my_robot_interface_s__rosidl_typesupport_c.cpython-310-x86_64-linux-gnu.so
-- Up-to-date: /home/omi/action_ws/install/my_robot_interface/lib/libmy_robot_interface__rosidl_generator_py.so
-- Up-to-date: /home/omi/action_ws/install/my_robot_interface/share/ament_index/resource_index/rust_packages/my_robot_interface
-- Up-to-date: /home/omi/action_ws/install/my_robot_interface/share/my_robot_interface/rust
-- Up-to-date: /home/omi/action_ws/install/my_robot_interface/share/my_robot_interface/rust/Cargo.toml
-- Up-to-date: /home/omi/action_ws/install/my_robot_interface/share/my_robot_interface/rust/build.rs
-- Up-to-date: /home/omi/action_ws/install/my_robot_interface/share/my_robot_interface/rust/src
-- Up-to-date: /home/omi/action_ws/install/my_robot_interface/share/my_robot_interface/rust/src/action.rs
-- Up-to-date: /home/omi/action_ws/install/my_robot_interface/share/my_robot_interface/rust/src/action
-- Up-to-date: /home/omi/action_ws/install/my_robot_interface/share/my_robot_interface/rust/src/action/rmw.rs
-- Up-to-date: /home/omi/action_ws/install/my_robot_interface/share/my_robot_interface/rust/src/lib.rs
-- Up-to-date: /home/omi/action_ws/install/my_robot_interface/share/my_robot_interface/action/CountUntil.idl
-- Up-to-date: /home/omi/action_ws/install/my_robot_interface/share/my_robot_interface/action/CountUntil.action
-- Up-to-date: /home/omi/action_ws/install/my_robot_interface/share/ament_index/resource_index/package_run_dependencies/my_robot_interface
-- Up-to-date: /home/omi/action_ws/install/my_robot_interface/share/ament_index/resource_index/parent_prefix_path/my_robot_interface
-- Up-to-date: /home/omi/action_ws/install/my_robot_interface/share/my_robot_interface/environment/ament_prefix_path.sh
-- Up-to-date: /home/omi/action_ws/install/my_robot_interface/share/my_robot_interface/environment/ament_prefix_path.dsv
-- Up-to-date: /home/omi/action_ws/install/my_robot_interface/share/my_robot_interface/environment/path.sh
-- Up-to-date: /home/omi/action_ws/install/my_robot_interface/share/my_robot_interface/environment/path.dsv
-- Up-to-date: /home/omi/action_ws/install/my_robot_interface/share/my_robot_interface/local_setup.bash
-- Up-to-date: /home/omi/action_ws/install/my_robot_interface/share/my_robot_interface/local_setup.sh
-- Up-to-date: /home/omi/action_ws/install/my_robot_interface/share/my_robot_interface/local_setup.zsh
-- Up-to-date: /home/omi/action_ws/install/my_robot_interface/share/my_robot_interface/local_setup.dsv
-- Installing: /home/omi/action_ws/install/my_robot_interface/share/my_robot_interface/package.dsv
-- Up-to-date: /home/omi/action_ws/install/my_robot_interface/share/ament_index/resource_index/packages/my_robot_interface
-- Up-to-date: /home/omi/action_ws/install/my_robot_interface/share/my_robot_interface/cmake/export_my_robot_interface__rosidl_generator_cExport.cmake
-- Up-to-date: /home/omi/action_ws/install/my_robot_interface/share/my_robot_interface/cmake/export_my_robot_interface__rosidl_generator_cExport-noconfig.cmake
-- Up-to-date: /home/omi/action_ws/install/my_robot_interface/share/my_robot_interface/cmake/export_my_robot_interface__rosidl_typesupport_fastrtps_cExport.cmake
-- Up-to-date: /home/omi/action_ws/install/my_robot_interface/share/my_robot_interface/cmake/export_my_robot_interface__rosidl_typesupport_fastrtps_cExport-noconfig.cmake
-- Up-to-date: /home/omi/action_ws/install/my_robot_interface/share/my_robot_interface/cmake/my_robot_interface__rosidl_typesupport_introspection_cExport.cmake
-- Up-to-date: /home/omi/action_ws/install/my_robot_interface/share/my_robot_interface/cmake/my_robot_interface__rosidl_typesupport_introspection_cExport-noconfig.cmake
-- Up-to-date: /home/omi/action_ws/install/my_robot_interface/share/my_robot_interface/cmake/my_robot_interface__rosidl_typesupport_cExport.cmake
-- Up-to-date: /home/omi/action_ws/install/my_robot_interface/share/my_robot_interface/cmake/my_robot_interface__rosidl_typesupport_cExport-noconfig.cmake
-- Up-to-date: /home/omi/action_ws/install/my_robot_interface/share/my_robot_interface/cmake/export_my_robot_interface__rosidl_generator_cppExport.cmake
-- Up-to-date: /home/omi/action_ws/install/my_robot_interface/share/my_robot_interface/cmake/export_my_robot_interface__rosidl_typesupport_fastrtps_cppExport.cmake
-- Up-to-date: /home/omi/action_ws/install/my_robot_interface/share/my_robot_interface/cmake/export_my_robot_interface__rosidl_typesupport_fastrtps_cppExport-noconfig.cmake
-- Up-to-date: /home/omi/action_ws/install/my_robot_interface/share/my_robot_interface/cmake/my_robot_interface__rosidl_typesupport_introspection_cppExport.cmake
-- Up-to-date: /home/omi/action_ws/install/my_robot_interface/share/my_robot_interface/cmake/my_robot_interface__rosidl_typesupport_introspection_cppExport-noconfig.cmake
-- Up-to-date: /home/omi/action_ws/install/my_robot_interface/share/my_robot_interface/cmake/my_robot_interface__rosidl_typesupport_cppExport.cmake
-- Up-to-date: /home/omi/action_ws/install/my_robot_interface/share/my_robot_interface/cmake/my_robot_interface__rosidl_typesupport_cppExport-noconfig.cmake
-- Up-to-date: /home/omi/action_ws/install/my_robot_interface/share/my_robot_interface/cmake/export_my_robot_interface__rosidl_generator_pyExport.cmake
-- Up-to-date: /home/omi/action_ws/install/my_robot_interface/share/my_robot_interface/cmake/export_my_robot_interface__rosidl_generator_pyExport-noconfig.cmake
-- Up-to-date: /home/omi/action_ws/install/my_robot_interface/share/my_robot_interface/cmake/rosidl_cmake-extras.cmake
-- Up-to-date: /home/omi/action_ws/install/my_robot_interface/share/my_robot_interface/cmake/ament_cmake_export_dependencies-extras.cmake
-- Up-to-date: /home/omi/action_ws/install/my_robot_interface/share/my_robot_interface/cmake/ament_cmake_export_include_directories-extras.cmake
-- Up-to-date: /home/omi/action_ws/install/my_robot_interface/share/my_robot_interface/cmake/ament_cmake_export_libraries-extras.cmake
-- Up-to-date: /home/omi/action_ws/install/my_robot_interface/share/my_robot_interface/cmake/ament_cmake_export_targets-extras.cmake
-- Up-to-date: /home/omi/action_ws/install/my_robot_interface/share/my_robot_interface/cmake/rosidl_cmake_export_typesupport_targets-extras.cmake
-- Up-to-date: /home/omi/action_ws/install/my_robot_interface/share/my_robot_interface/cmake/rosidl_cmake_export_typesupport_libraries-extras.cmake
-- Up-to-date: /home/omi/action_ws/install/my_robot_interface/share/my_robot_interface/cmake/my_robot_interfaceConfig.cmake
-- Up-to-date: /home/omi/action_ws/install/my_robot_interface/share/my_robot_interface/cmake/my_robot_interfaceConfig-version.cmake
-- Up-to-date: /home/omi/action_ws/install/my_robot_interface/share/my_robot_interface/package.xml
