[0.066s] DEBUG:colcon:Command line arguments: ['/usr/bin/colcon', 'build']
[0.066s] DEBUG:colcon:Parsed command line arguments: Namespace(log_base=None, log_level=None, verb_name='build', build_base='build', install_base='install', merge_install=False, symlink_install=False, test_result_base=None, continue_on_error=False, executor='parallel', parallel_workers=16, event_handlers=None, ignore_user_meta=False, metas=['./colcon.meta'], base_paths=['.'], packages_ignore=None, packages_ignore_regex=None, paths=None, packages_up_to=None, packages_up_to_regex=None, packages_above=None, packages_above_and_dependencies=None, packages_above_depth=None, packages_select_by_dep=None, packages_skip_by_dep=None, packages_skip_up_to=None, packages_select_build_failed=False, packages_skip_build_finished=False, packages_select_test_failures=False, packages_skip_test_passed=False, packages_select=None, packages_skip=None, packages_select_regex=None, packages_skip_regex=None, packages_start=None, packages_end=None, allow_overriding=[], cmake_args=None, cmake_target=None, cmake_target_skip_unavailable=False, cmake_clean_cache=False, cmake_clean_first=False, cmake_force_configure=False, ament_cmake_args=None, catkin_cmake_args=None, catkin_skip_building_tests=False, mixin_files=None, mixin=None, verb_parser=<colcon_mixin.mixin.mixin_argument.MixinArgumentDecorator object at 0x76cb5740eb30>, verb_extension=<colcon_core.verb.build.BuildVerb object at 0x76cb57577a60>, main=<bound method BuildVerb.main of <colcon_core.verb.build.BuildVerb object at 0x76cb57577a60>>, mixin_verb=('build',))
[0.166s] Level 1:colcon.colcon_core.package_discovery:discover_packages(colcon_meta) check parameters
[0.166s] Level 1:colcon.colcon_core.package_discovery:discover_packages(recursive) check parameters
[0.166s] Level 1:colcon.colcon_core.package_discovery:discover_packages(ignore) check parameters
[0.166s] Level 1:colcon.colcon_core.package_discovery:discover_packages(path) check parameters
[0.166s] Level 1:colcon.colcon_core.package_discovery:discover_packages(colcon_meta) discover
[0.166s] Level 1:colcon.colcon_core.package_discovery:discover_packages(recursive) discover
[0.166s] INFO:colcon.colcon_core.package_discovery:Crawling recursively for packages in '/home/omi/action_ws'
[0.166s] Level 1:colcon.colcon_core.package_identification:_identify(.) by extensions ['ignore', 'ignore_ament_install']
[0.166s] Level 1:colcon.colcon_core.package_identification:_identify(.) by extension 'ignore'
[0.166s] Level 1:colcon.colcon_core.package_identification:_identify(.) by extension 'ignore_ament_install'
[0.166s] Level 1:colcon.colcon_core.package_identification:_identify(.) by extensions ['colcon_pkg']
[0.166s] Level 1:colcon.colcon_core.package_identification:_identify(.) by extension 'colcon_pkg'
[0.166s] Level 1:colcon.colcon_core.package_identification:_identify(.) by extensions ['colcon_meta']
[0.166s] Level 1:colcon.colcon_core.package_identification:_identify(.) by extension 'colcon_meta'
[0.166s] Level 1:colcon.colcon_core.package_identification:_identify(.) by extensions ['ros']
[0.166s] Level 1:colcon.colcon_core.package_identification:_identify(.) by extension 'ros'
[0.173s] Level 1:colcon.colcon_core.package_identification:_identify(.) by extensions ['cmake', 'python']
[0.173s] Level 1:colcon.colcon_core.package_identification:_identify(.) by extension 'cmake'
[0.174s] Level 1:colcon.colcon_core.package_identification:_identify(.) by extension 'python'
[0.174s] Level 1:colcon.colcon_core.package_identification:_identify(.) by extensions ['python_setup_py']
[0.174s] Level 1:colcon.colcon_core.package_identification:_identify(.) by extension 'python_setup_py'
[0.174s] Level 1:colcon.colcon_core.package_identification:_identify(build) by extensions ['ignore', 'ignore_ament_install']
[0.174s] Level 1:colcon.colcon_core.package_identification:_identify(build) by extension 'ignore'
[0.174s] Level 1:colcon.colcon_core.package_identification:_identify(build) ignored
[0.174s] Level 1:colcon.colcon_core.package_identification:_identify(install) by extensions ['ignore', 'ignore_ament_install']
[0.174s] Level 1:colcon.colcon_core.package_identification:_identify(install) by extension 'ignore'
[0.174s] Level 1:colcon.colcon_core.package_identification:_identify(install) ignored
[0.174s] Level 1:colcon.colcon_core.package_identification:_identify(log) by extensions ['ignore', 'ignore_ament_install']
[0.174s] Level 1:colcon.colcon_core.package_identification:_identify(log) by extension 'ignore'
[0.174s] Level 1:colcon.colcon_core.package_identification:_identify(log) ignored
[0.174s] Level 1:colcon.colcon_core.package_identification:_identify(src) by extensions ['ignore', 'ignore_ament_install']
[0.174s] Level 1:colcon.colcon_core.package_identification:_identify(src) by extension 'ignore'
[0.174s] Level 1:colcon.colcon_core.package_identification:_identify(src) by extension 'ignore_ament_install'
[0.174s] Level 1:colcon.colcon_core.package_identification:_identify(src) by extensions ['colcon_pkg']
[0.174s] Level 1:colcon.colcon_core.package_identification:_identify(src) by extension 'colcon_pkg'
[0.174s] Level 1:colcon.colcon_core.package_identification:_identify(src) by extensions ['colcon_meta']
[0.174s] Level 1:colcon.colcon_core.package_identification:_identify(src) by extension 'colcon_meta'
[0.174s] Level 1:colcon.colcon_core.package_identification:_identify(src) by extensions ['ros']
[0.174s] Level 1:colcon.colcon_core.package_identification:_identify(src) by extension 'ros'
[0.174s] Level 1:colcon.colcon_core.package_identification:_identify(src) by extensions ['cmake', 'python']
[0.174s] Level 1:colcon.colcon_core.package_identification:_identify(src) by extension 'cmake'
[0.174s] Level 1:colcon.colcon_core.package_identification:_identify(src) by extension 'python'
[0.174s] Level 1:colcon.colcon_core.package_identification:_identify(src) by extensions ['python_setup_py']
[0.174s] Level 1:colcon.colcon_core.package_identification:_identify(src) by extension 'python_setup_py'
[0.174s] Level 1:colcon.colcon_core.package_identification:_identify(src/my_py_pkg) by extensions ['ignore', 'ignore_ament_install']
[0.174s] Level 1:colcon.colcon_core.package_identification:_identify(src/my_py_pkg) by extension 'ignore'
[0.174s] Level 1:colcon.colcon_core.package_identification:_identify(src/my_py_pkg) by extension 'ignore_ament_install'
[0.174s] Level 1:colcon.colcon_core.package_identification:_identify(src/my_py_pkg) by extensions ['colcon_pkg']
[0.174s] Level 1:colcon.colcon_core.package_identification:_identify(src/my_py_pkg) by extension 'colcon_pkg'
[0.175s] Level 1:colcon.colcon_core.package_identification:_identify(src/my_py_pkg) by extensions ['colcon_meta']
[0.175s] Level 1:colcon.colcon_core.package_identification:_identify(src/my_py_pkg) by extension 'colcon_meta'
[0.175s] Level 1:colcon.colcon_core.package_identification:_identify(src/my_py_pkg) by extensions ['ros']
[0.175s] Level 1:colcon.colcon_core.package_identification:_identify(src/my_py_pkg) by extension 'ros'
[0.176s] DEBUG:colcon.colcon_core.package_identification:Package 'src/my_py_pkg' with type 'ros.ament_python' and name 'my_py_pkg'
[0.176s] Level 1:colcon.colcon_core.package_identification:_identify(src/my_robot_interface) by extensions ['ignore', 'ignore_ament_install']
[0.176s] Level 1:colcon.colcon_core.package_identification:_identify(src/my_robot_interface) by extension 'ignore'
[0.176s] Level 1:colcon.colcon_core.package_identification:_identify(src/my_robot_interface) by extension 'ignore_ament_install'
[0.176s] Level 1:colcon.colcon_core.package_identification:_identify(src/my_robot_interface) by extensions ['colcon_pkg']
[0.176s] Level 1:colcon.colcon_core.package_identification:_identify(src/my_robot_interface) by extension 'colcon_pkg'
[0.176s] Level 1:colcon.colcon_core.package_identification:_identify(src/my_robot_interface) by extensions ['colcon_meta']
[0.176s] Level 1:colcon.colcon_core.package_identification:_identify(src/my_robot_interface) by extension 'colcon_meta'
[0.176s] Level 1:colcon.colcon_core.package_identification:_identify(src/my_robot_interface) by extensions ['ros']
[0.176s] Level 1:colcon.colcon_core.package_identification:_identify(src/my_robot_interface) by extension 'ros'
[0.177s] DEBUG:colcon.colcon_core.package_identification:Package 'src/my_robot_interface' with type 'ros.ament_cmake' and name 'my_robot_interface'
[0.177s] Level 1:colcon.colcon_core.package_discovery:discover_packages(recursive) using defaults
[0.177s] Level 1:colcon.colcon_core.package_discovery:discover_packages(ignore) discover
[0.177s] Level 1:colcon.colcon_core.package_discovery:discover_packages(ignore) using defaults
[0.177s] Level 1:colcon.colcon_core.package_discovery:discover_packages(path) discover
[0.177s] Level 1:colcon.colcon_core.package_discovery:discover_packages(path) using defaults
[0.196s] Level 1:colcon.colcon_core.package_discovery:discover_packages(prefix_path) check parameters
[0.196s] Level 1:colcon.colcon_core.package_discovery:discover_packages(prefix_path) discover
[0.196s] WARNING:colcon.colcon_ros.prefix_path.ament:The path '/home/omi/action_ws/install/my_robot_interface' in the environment variable AMENT_PREFIX_PATH doesn't exist
[0.196s] WARNING:colcon.colcon_ros.prefix_path.ament:The path '/home/omi/action_ws/install/my_py_pkg' in the environment variable AMENT_PREFIX_PATH doesn't exist
[0.196s] WARNING:colcon.colcon_ros.prefix_path.catkin:The path '/home/omi/action_ws/install/my_robot_interface' in the environment variable CMAKE_PREFIX_PATH doesn't exist
[0.197s] DEBUG:colcon.colcon_installed_package_information.package_discovery:Found 0 installed packages in /home/omi/action_ws/install
[0.197s] DEBUG:colcon.colcon_installed_package_information.package_discovery:Found 6 installed packages in /home/omi/ws_dec2/install
[0.198s] DEBUG:colcon.colcon_installed_package_information.package_discovery:Found 452 installed packages in /opt/ros/humble
[0.199s] Level 1:colcon.colcon_core.package_discovery:discover_packages(prefix_path) using defaults
[0.231s] Level 5:colcon.colcon_core.verb:set package 'my_py_pkg' build argument 'cmake_args' from command line to 'None'
[0.231s] Level 5:colcon.colcon_core.verb:set package 'my_py_pkg' build argument 'cmake_target' from command line to 'None'
[0.231s] Level 5:colcon.colcon_core.verb:set package 'my_py_pkg' build argument 'cmake_target_skip_unavailable' from command line to 'False'
[0.231s] Level 5:colcon.colcon_core.verb:set package 'my_py_pkg' build argument 'cmake_clean_cache' from command line to 'False'
[0.231s] Level 5:colcon.colcon_core.verb:set package 'my_py_pkg' build argument 'cmake_clean_first' from command line to 'False'
[0.231s] Level 5:colcon.colcon_core.verb:set package 'my_py_pkg' build argument 'cmake_force_configure' from command line to 'False'
[0.231s] Level 5:colcon.colcon_core.verb:set package 'my_py_pkg' build argument 'ament_cmake_args' from command line to 'None'
[0.231s] Level 5:colcon.colcon_core.verb:set package 'my_py_pkg' build argument 'catkin_cmake_args' from command line to 'None'
[0.231s] Level 5:colcon.colcon_core.verb:set package 'my_py_pkg' build argument 'catkin_skip_building_tests' from command line to 'False'
[0.231s] DEBUG:colcon.colcon_core.verb:Building package 'my_py_pkg' with the following arguments: {'ament_cmake_args': None, 'build_base': '/home/omi/action_ws/build/my_py_pkg', 'catkin_cmake_args': None, 'catkin_skip_building_tests': False, 'cmake_args': None, 'cmake_clean_cache': False, 'cmake_clean_first': False, 'cmake_force_configure': False, 'cmake_target': None, 'cmake_target_skip_unavailable': False, 'install_base': '/home/omi/action_ws/install/my_py_pkg', 'merge_install': False, 'path': '/home/omi/action_ws/src/my_py_pkg', 'symlink_install': False, 'test_result_base': None}
[0.231s] Level 5:colcon.colcon_core.verb:set package 'my_robot_interface' build argument 'cmake_args' from command line to 'None'
[0.231s] Level 5:colcon.colcon_core.verb:set package 'my_robot_interface' build argument 'cmake_target' from command line to 'None'
[0.231s] Level 5:colcon.colcon_core.verb:set package 'my_robot_interface' build argument 'cmake_target_skip_unavailable' from command line to 'False'
[0.231s] Level 5:colcon.colcon_core.verb:set package 'my_robot_interface' build argument 'cmake_clean_cache' from command line to 'False'
[0.231s] Level 5:colcon.colcon_core.verb:set package 'my_robot_interface' build argument 'cmake_clean_first' from command line to 'False'
[0.231s] Level 5:colcon.colcon_core.verb:set package 'my_robot_interface' build argument 'cmake_force_configure' from command line to 'False'
[0.231s] Level 5:colcon.colcon_core.verb:set package 'my_robot_interface' build argument 'ament_cmake_args' from command line to 'None'
[0.231s] Level 5:colcon.colcon_core.verb:set package 'my_robot_interface' build argument 'catkin_cmake_args' from command line to 'None'
[0.231s] Level 5:colcon.colcon_core.verb:set package 'my_robot_interface' build argument 'catkin_skip_building_tests' from command line to 'False'
[0.231s] DEBUG:colcon.colcon_core.verb:Building package 'my_robot_interface' with the following arguments: {'ament_cmake_args': None, 'build_base': '/home/omi/action_ws/build/my_robot_interface', 'catkin_cmake_args': None, 'catkin_skip_building_tests': False, 'cmake_args': None, 'cmake_clean_cache': False, 'cmake_clean_first': False, 'cmake_force_configure': False, 'cmake_target': None, 'cmake_target_skip_unavailable': False, 'install_base': '/home/omi/action_ws/install/my_robot_interface', 'merge_install': False, 'path': '/home/omi/action_ws/src/my_robot_interface', 'symlink_install': False, 'test_result_base': None}
[0.231s] INFO:colcon.colcon_core.executor:Executing jobs using 'parallel' executor
[0.232s] DEBUG:colcon.colcon_parallel_executor.executor.parallel:run_until_complete
[0.232s] INFO:colcon.colcon_ros.task.ament_python.build:Building ROS package in '/home/omi/action_ws/src/my_py_pkg' with build type 'ament_python'
[0.232s] Level 1:colcon.colcon_core.shell:create_environment_hook('my_py_pkg', 'ament_prefix_path')
[0.233s] INFO:colcon.colcon_core.plugin_system:Skipping extension 'colcon_core.shell.bat': Not used on non-Windows systems
[0.233s] INFO:colcon.colcon_core.shell:Creating environment hook '/home/omi/action_ws/install/my_py_pkg/share/my_py_pkg/hook/ament_prefix_path.ps1'
[0.234s] INFO:colcon.colcon_core.shell:Creating environment descriptor '/home/omi/action_ws/install/my_py_pkg/share/my_py_pkg/hook/ament_prefix_path.dsv'
[0.234s] INFO:colcon.colcon_core.shell:Creating environment hook '/home/omi/action_ws/install/my_py_pkg/share/my_py_pkg/hook/ament_prefix_path.sh'
[0.235s] INFO:colcon.colcon_core.shell:Skip shell extension 'powershell' for command environment: Not usable outside of PowerShell
[0.235s] DEBUG:colcon.colcon_core.shell:Skip shell extension 'dsv' for command environment
[0.237s] INFO:colcon.colcon_ros.task.ament_cmake.build:Building ROS package in '/home/omi/action_ws/src/my_robot_interface' with build type 'ament_cmake'
[0.237s] INFO:colcon.colcon_cmake.task.cmake.build:Building CMake package in '/home/omi/action_ws/src/my_robot_interface'
[0.237s] INFO:colcon.colcon_core.shell:Skip shell extension 'powershell' for command environment: Not usable outside of PowerShell
[0.237s] DEBUG:colcon.colcon_core.shell:Skip shell extension 'dsv' for command environment
[0.398s] WARNING:colcon.colcon_ros.task.ament_python.build:Package 'my_py_pkg' doesn't explicitly install a marker in the package index (colcon-ros currently does it implicitly but that fallback will be removed in the future)
[0.398s] WARNING:colcon.colcon_ros.task.ament_python.build:Package 'my_py_pkg' doesn't explicitly install the 'package.xml' file (colcon-ros currently does it implicitly but that fallback will be removed in the future)
[0.398s] INFO:colcon.colcon_core.task.python.build:Building Python package in '/home/omi/action_ws/src/my_py_pkg'
[0.398s] INFO:colcon.colcon_core.shell:Skip shell extension 'powershell' for command environment: Not usable outside of PowerShell
[0.398s] DEBUG:colcon.colcon_core.shell:Skip shell extension 'dsv' for command environment
[0.403s] DEBUG:colcon.colcon_core.event_handler.log_command:Invoking command in '/home/omi/action_ws/build/my_robot_interface': CMAKE_PREFIX_PATH=${CMAKE_PREFIX_PATH}:/home/omi/action_ws/install/my_py_pkg:/home/omi/ws_dec2/install/samplebot_description:/home/omi/ws_dec2/install/bot_slam:/home/omi/ws_dec2/install/bot_nav:/opt/ros/humble /usr/bin/cmake /home/omi/action_ws/src/my_robot_interface -DCMAKE_INSTALL_PREFIX=/home/omi/action_ws/install/my_robot_interface
[0.630s] DEBUG:colcon.colcon_core.event_handler.log_command:Invoking command in '/home/omi/action_ws/src/my_py_pkg': PYTHONPATH=/home/omi/action_ws/build/my_py_pkg/prefix_override:/usr/lib/python3/dist-packages/colcon_core/task/python/colcon_distutils_commands:/home/omi/action_ws/install/my_py_pkg/lib/python3.10/site-packages:${PYTHONPATH} /usr/bin/python3 -W ignore:setup.py install is deprecated -W ignore:easy_install command is deprecated setup.py egg_info --egg-base ../../build/my_py_pkg build --build-base /home/omi/action_ws/build/my_py_pkg/build install --record /home/omi/action_ws/build/my_py_pkg/install.log --single-version-externally-managed
[0.813s] DEBUG:colcon.colcon_core.event_handler.log_command:Invoked command in '/home/omi/action_ws/src/my_py_pkg' returned '0': PYTHONPATH=/home/omi/action_ws/build/my_py_pkg/prefix_override:/usr/lib/python3/dist-packages/colcon_core/task/python/colcon_distutils_commands:/home/omi/action_ws/install/my_py_pkg/lib/python3.10/site-packages:${PYTHONPATH} /usr/bin/python3 -W ignore:setup.py install is deprecated -W ignore:easy_install command is deprecated setup.py egg_info --egg-base ../../build/my_py_pkg build --build-base /home/omi/action_ws/build/my_py_pkg/build install --record /home/omi/action_ws/build/my_py_pkg/install.log --single-version-externally-managed
[0.815s] Level 1:colcon.colcon_core.environment:checking '/home/omi/action_ws/install/my_py_pkg' for CMake module files
[0.816s] Level 1:colcon.colcon_core.environment:checking '/home/omi/action_ws/install/my_py_pkg' for CMake config files
[0.816s] Level 1:colcon.colcon_core.environment:checking '/home/omi/action_ws/install/my_py_pkg/lib'
[0.816s] Level 1:colcon.colcon_core.environment:checking '/home/omi/action_ws/install/my_py_pkg/bin'
[0.816s] Level 1:colcon.colcon_core.environment:checking '/home/omi/action_ws/install/my_py_pkg/lib/pkgconfig/my_py_pkg.pc'
[0.817s] Level 1:colcon.colcon_core.environment:checking '/home/omi/action_ws/install/my_py_pkg/lib/python3.10/site-packages'
[0.817s] Level 1:colcon.colcon_core.shell:create_environment_hook('my_py_pkg', 'pythonpath')
[0.817s] INFO:colcon.colcon_core.shell:Creating environment hook '/home/omi/action_ws/install/my_py_pkg/share/my_py_pkg/hook/pythonpath.ps1'
[0.817s] INFO:colcon.colcon_core.shell:Creating environment descriptor '/home/omi/action_ws/install/my_py_pkg/share/my_py_pkg/hook/pythonpath.dsv'
[0.818s] INFO:colcon.colcon_core.shell:Creating environment hook '/home/omi/action_ws/install/my_py_pkg/share/my_py_pkg/hook/pythonpath.sh'
[0.818s] Level 1:colcon.colcon_core.environment:checking '/home/omi/action_ws/install/my_py_pkg/bin'
[0.819s] Level 1:colcon.colcon_core.environment:create_environment_scripts_only(my_py_pkg)
[0.819s] INFO:colcon.colcon_core.shell:Creating package script '/home/omi/action_ws/install/my_py_pkg/share/my_py_pkg/package.ps1'
[0.820s] INFO:colcon.colcon_core.shell:Creating package descriptor '/home/omi/action_ws/install/my_py_pkg/share/my_py_pkg/package.dsv'
[0.820s] INFO:colcon.colcon_core.shell:Creating package script '/home/omi/action_ws/install/my_py_pkg/share/my_py_pkg/package.sh'
[0.821s] INFO:colcon.colcon_core.shell:Creating package script '/home/omi/action_ws/install/my_py_pkg/share/my_py_pkg/package.bash'
[0.822s] INFO:colcon.colcon_core.shell:Creating package script '/home/omi/action_ws/install/my_py_pkg/share/my_py_pkg/package.zsh'
[0.822s] Level 1:colcon.colcon_core.environment:create_file_with_runtime_dependencies(/home/omi/action_ws/install/my_py_pkg/share/colcon-core/packages/my_py_pkg)
[1.737s] DEBUG:colcon.colcon_core.event_handler.log_command:Invoked command in '/home/omi/action_ws/build/my_robot_interface' returned '0': CMAKE_PREFIX_PATH=${CMAKE_PREFIX_PATH}:/home/omi/action_ws/install/my_py_pkg:/home/omi/ws_dec2/install/samplebot_description:/home/omi/ws_dec2/install/bot_slam:/home/omi/ws_dec2/install/bot_nav:/opt/ros/humble /usr/bin/cmake /home/omi/action_ws/src/my_robot_interface -DCMAKE_INSTALL_PREFIX=/home/omi/action_ws/install/my_robot_interface
[1.739s] DEBUG:colcon.colcon_core.event_handler.log_command:Invoking command in '/home/omi/action_ws/build/my_robot_interface': CMAKE_PREFIX_PATH=${CMAKE_PREFIX_PATH}:/home/omi/action_ws/install/my_py_pkg:/home/omi/ws_dec2/install/samplebot_description:/home/omi/ws_dec2/install/bot_slam:/home/omi/ws_dec2/install/bot_nav:/opt/ros/humble /usr/bin/cmake --build /home/omi/action_ws/build/my_robot_interface -- -j16 -l16
[3.592s] DEBUG:colcon.colcon_core.event_handler.log_command:Invoked command in '/home/omi/action_ws/build/my_robot_interface' returned '0': CMAKE_PREFIX_PATH=${CMAKE_PREFIX_PATH}:/home/omi/action_ws/install/my_py_pkg:/home/omi/ws_dec2/install/samplebot_description:/home/omi/ws_dec2/install/bot_slam:/home/omi/ws_dec2/install/bot_nav:/opt/ros/humble /usr/bin/cmake --build /home/omi/action_ws/build/my_robot_interface -- -j16 -l16
[3.599s] DEBUG:colcon.colcon_core.event_handler.log_command:Invoking command in '/home/omi/action_ws/build/my_robot_interface': CMAKE_PREFIX_PATH=${CMAKE_PREFIX_PATH}:/home/omi/action_ws/install/my_py_pkg:/home/omi/ws_dec2/install/samplebot_description:/home/omi/ws_dec2/install/bot_slam:/home/omi/ws_dec2/install/bot_nav:/opt/ros/humble /usr/bin/cmake --install /home/omi/action_ws/build/my_robot_interface
[3.646s] Level 1:colcon.colcon_core.environment:create_environment_scripts_only(my_robot_interface)
[3.646s] DEBUG:colcon.colcon_core.event_handler.log_command:Invoked command in '/home/omi/action_ws/build/my_robot_interface' returned '0': CMAKE_PREFIX_PATH=${CMAKE_PREFIX_PATH}:/home/omi/action_ws/install/my_py_pkg:/home/omi/ws_dec2/install/samplebot_description:/home/omi/ws_dec2/install/bot_slam:/home/omi/ws_dec2/install/bot_nav:/opt/ros/humble /usr/bin/cmake --install /home/omi/action_ws/build/my_robot_interface
[3.646s] Level 1:colcon.colcon_core.environment:checking '/home/omi/action_ws/install/my_robot_interface' for CMake module files
[3.647s] Level 1:colcon.colcon_core.environment:checking '/home/omi/action_ws/install/my_robot_interface' for CMake config files
[3.647s] Level 1:colcon.colcon_core.shell:create_environment_hook('my_robot_interface', 'cmake_prefix_path')
[3.647s] INFO:colcon.colcon_core.shell:Creating environment hook '/home/omi/action_ws/install/my_robot_interface/share/my_robot_interface/hook/cmake_prefix_path.ps1'
[3.647s] INFO:colcon.colcon_core.shell:Creating environment descriptor '/home/omi/action_ws/install/my_robot_interface/share/my_robot_interface/hook/cmake_prefix_path.dsv'
[3.648s] INFO:colcon.colcon_core.shell:Creating environment hook '/home/omi/action_ws/install/my_robot_interface/share/my_robot_interface/hook/cmake_prefix_path.sh'
[3.648s] Level 1:colcon.colcon_core.environment:checking '/home/omi/action_ws/install/my_robot_interface/lib'
[3.648s] Level 1:colcon.colcon_core.shell:create_environment_hook('my_robot_interface', 'ld_library_path_lib')
[3.648s] INFO:colcon.colcon_core.shell:Creating environment hook '/home/omi/action_ws/install/my_robot_interface/share/my_robot_interface/hook/ld_library_path_lib.ps1'
[3.648s] INFO:colcon.colcon_core.shell:Creating environment descriptor '/home/omi/action_ws/install/my_robot_interface/share/my_robot_interface/hook/ld_library_path_lib.dsv'
[3.648s] INFO:colcon.colcon_core.shell:Creating environment hook '/home/omi/action_ws/install/my_robot_interface/share/my_robot_interface/hook/ld_library_path_lib.sh'
[3.649s] Level 1:colcon.colcon_core.environment:checking '/home/omi/action_ws/install/my_robot_interface/bin'
[3.649s] Level 1:colcon.colcon_core.environment:checking '/home/omi/action_ws/install/my_robot_interface/lib/pkgconfig/my_robot_interface.pc'
[3.649s] Level 1:colcon.colcon_core.environment:checking '/home/omi/action_ws/install/my_robot_interface/lib/python3.10/site-packages'
[3.649s] Level 1:colcon.colcon_core.environment:checking '/home/omi/action_ws/install/my_robot_interface/bin'
[3.649s] INFO:colcon.colcon_core.shell:Creating package script '/home/omi/action_ws/install/my_robot_interface/share/my_robot_interface/package.ps1'
[3.650s] INFO:colcon.colcon_core.shell:Creating package descriptor '/home/omi/action_ws/install/my_robot_interface/share/my_robot_interface/package.dsv'
[3.650s] INFO:colcon.colcon_core.shell:Creating package script '/home/omi/action_ws/install/my_robot_interface/share/my_robot_interface/package.sh'
[3.650s] INFO:colcon.colcon_core.shell:Creating package script '/home/omi/action_ws/install/my_robot_interface/share/my_robot_interface/package.bash'
[3.650s] INFO:colcon.colcon_core.shell:Creating package script '/home/omi/action_ws/install/my_robot_interface/share/my_robot_interface/package.zsh'
[3.650s] Level 1:colcon.colcon_core.environment:create_file_with_runtime_dependencies(/home/omi/action_ws/install/my_robot_interface/share/colcon-core/packages/my_robot_interface)
[3.651s] Level 1:colcon.colcon_core.environment:create_environment_scripts_only(my_robot_interface)
[3.651s] Level 1:colcon.colcon_core.environment:checking '/home/omi/action_ws/install/my_robot_interface' for CMake module files
[3.651s] Level 1:colcon.colcon_core.environment:checking '/home/omi/action_ws/install/my_robot_interface' for CMake config files
[3.651s] Level 1:colcon.colcon_core.shell:create_environment_hook('my_robot_interface', 'cmake_prefix_path')
[3.651s] INFO:colcon.colcon_core.shell:Creating environment hook '/home/omi/action_ws/install/my_robot_interface/share/my_robot_interface/hook/cmake_prefix_path.ps1'
[3.652s] INFO:colcon.colcon_core.shell:Creating environment descriptor '/home/omi/action_ws/install/my_robot_interface/share/my_robot_interface/hook/cmake_prefix_path.dsv'
[3.652s] INFO:colcon.colcon_core.shell:Creating environment hook '/home/omi/action_ws/install/my_robot_interface/share/my_robot_interface/hook/cmake_prefix_path.sh'
[3.652s] Level 1:colcon.colcon_core.environment:checking '/home/omi/action_ws/install/my_robot_interface/lib'
[3.652s] Level 1:colcon.colcon_core.shell:create_environment_hook('my_robot_interface', 'ld_library_path_lib')
[3.652s] INFO:colcon.colcon_core.shell:Creating environment hook '/home/omi/action_ws/install/my_robot_interface/share/my_robot_interface/hook/ld_library_path_lib.ps1'
[3.653s] INFO:colcon.colcon_core.shell:Creating environment descriptor '/home/omi/action_ws/install/my_robot_interface/share/my_robot_interface/hook/ld_library_path_lib.dsv'
[3.653s] INFO:colcon.colcon_core.shell:Creating environment hook '/home/omi/action_ws/install/my_robot_interface/share/my_robot_interface/hook/ld_library_path_lib.sh'
[3.653s] Level 1:colcon.colcon_core.environment:checking '/home/omi/action_ws/install/my_robot_interface/bin'
[3.653s] Level 1:colcon.colcon_core.environment:checking '/home/omi/action_ws/install/my_robot_interface/lib/pkgconfig/my_robot_interface.pc'
[3.653s] Level 1:colcon.colcon_core.environment:checking '/home/omi/action_ws/install/my_robot_interface/lib/python3.10/site-packages'
[3.653s] Level 1:colcon.colcon_core.environment:checking '/home/omi/action_ws/install/my_robot_interface/bin'
[3.654s] INFO:colcon.colcon_core.shell:Creating package script '/home/omi/action_ws/install/my_robot_interface/share/my_robot_interface/package.ps1'
[3.654s] INFO:colcon.colcon_core.shell:Creating package descriptor '/home/omi/action_ws/install/my_robot_interface/share/my_robot_interface/package.dsv'
[3.654s] INFO:colcon.colcon_core.shell:Creating package script '/home/omi/action_ws/install/my_robot_interface/share/my_robot_interface/package.sh'
[3.654s] INFO:colcon.colcon_core.shell:Creating package script '/home/omi/action_ws/install/my_robot_interface/share/my_robot_interface/package.bash'
[3.655s] INFO:colcon.colcon_core.shell:Creating package script '/home/omi/action_ws/install/my_robot_interface/share/my_robot_interface/package.zsh'
[3.655s] Level 1:colcon.colcon_core.environment:create_file_with_runtime_dependencies(/home/omi/action_ws/install/my_robot_interface/share/colcon-core/packages/my_robot_interface)
[3.655s] DEBUG:colcon.colcon_parallel_executor.executor.parallel:closing loop
[3.655s] DEBUG:colcon.colcon_parallel_executor.executor.parallel:loop closed
[3.655s] DEBUG:colcon.colcon_parallel_executor.executor.parallel:run_until_complete finished with '0'
[3.655s] DEBUG:colcon.colcon_core.event_reactor:joining thread
[3.659s] INFO:colcon.colcon_core.plugin_system:Skipping extension 'colcon_notification.desktop_notification.terminal_notifier': Not used on non-Darwin systems
[3.659s] INFO:colcon.colcon_core.plugin_system:Skipping extension 'colcon_notification.desktop_notification.win32': Not used on non-Windows systems
[3.659s] INFO:colcon.colcon_notification.desktop_notification:Sending desktop notification using 'notify2'
[3.667s] DEBUG:colcon.colcon_core.event_reactor:joined thread
[3.668s] INFO:colcon.colcon_core.shell:Creating prefix script '/home/omi/action_ws/install/local_setup.ps1'
[3.668s] INFO:colcon.colcon_core.shell:Creating prefix util module '/home/omi/action_ws/install/_local_setup_util_ps1.py'
[3.669s] INFO:colcon.colcon_core.shell:Creating prefix chain script '/home/omi/action_ws/install/setup.ps1'
[3.670s] INFO:colcon.colcon_core.shell:Creating prefix script '/home/omi/action_ws/install/local_setup.sh'
[3.670s] INFO:colcon.colcon_core.shell:Creating prefix util module '/home/omi/action_ws/install/_local_setup_util_sh.py'
[3.671s] INFO:colcon.colcon_core.shell:Creating prefix chain script '/home/omi/action_ws/install/setup.sh'
[3.672s] INFO:colcon.colcon_core.shell:Creating prefix script '/home/omi/action_ws/install/local_setup.bash'
[3.672s] INFO:colcon.colcon_core.shell:Creating prefix chain script '/home/omi/action_ws/install/setup.bash'
[3.673s] INFO:colcon.colcon_core.shell:Creating prefix script '/home/omi/action_ws/install/local_setup.zsh'
[3.673s] INFO:colcon.colcon_core.shell:Creating prefix chain script '/home/omi/action_ws/install/setup.zsh'
