[0.166s] Invoking command in '/home/omi/action_ws/build/my_robot_interface': CMAKE_PREFIX_PATH=${CMAKE_PREFIX_PATH}:/home/omi/action_ws/install/my_py_pkg:/home/omi/ws_dec2/install/samplebot_description:/home/omi/ws_dec2/install/bot_slam:/home/omi/ws_dec2/install/bot_nav:/opt/ros/humble /usr/bin/cmake /home/omi/action_ws/src/my_robot_interface -DCMAKE_INSTALL_PREFIX=/home/omi/action_ws/install/my_robot_interface
[0.246s] -- The C compiler identification is GNU 11.4.0
[0.311s] -- The CXX compiler identification is GNU 11.4.0
[0.320s] -- Detecting C compiler ABI info
[0.375s] -- Detecting C compiler ABI info - done
[0.380s] -- Check for working C compiler: /usr/bin/cc - skipped
[0.381s] -- Detecting C compile features
[0.381s] -- Detecting C compile features - done
[0.384s] -- Detecting CXX compiler ABI info
[0.448s] -- Detecting CXX compiler ABI info - done
[0.456s] -- Check for working CXX compiler: /usr/bin/c++ - skipped
[0.456s] -- Detecting CXX compile features
[0.456s] -- Detecting CXX compile features - done
[0.461s] -- Found ament_cmake: 1.3.14 (/opt/ros/humble/share/ament_cmake/cmake)
[0.574s] -- Found Python3: /usr/bin/python3 (found version "3.10.12") found components: Interpreter 
[0.654s] -- Found rosidl_default_generators: 1.2.1 (/opt/ros/humble/share/rosidl_default_generators/cmake)
[0.657s] -- Using all available rosidl_typesupport_c: rosidl_typesupport_fastrtps_c;rosidl_typesupport_introspection_c
[0.664s] -- Found rosidl_adapter: 3.1.8 (/opt/ros/humble/share/rosidl_adapter/cmake)
[0.699s] -- Using all available rosidl_typesupport_cpp: rosidl_typesupport_fastrtps_cpp;rosidl_typesupport_introspection_cpp
[0.944s] -- Found ament_cmake_ros: 0.10.0 (/opt/ros/humble/share/ament_cmake_ros/cmake)
[1.100s] -- Using all available rosidl_typesupport_c: rosidl_typesupport_fastrtps_c;rosidl_typesupport_introspection_c
[1.299s] -- Using all available rosidl_typesupport_cpp: rosidl_typesupport_fastrtps_cpp;rosidl_typesupport_introspection_cpp
[1.318s] -- Found PythonInterp: /usr/bin/python3 (found suitable version "3.10.12", minimum required is "3.6") 
[1.321s] -- Found python_cmake_module: 0.10.0 (/opt/ros/humble/share/python_cmake_module/cmake)
[1.342s] -- Found PythonLibs: /usr/lib/x86_64-linux-gnu/libpython3.10.so (found suitable version "3.10.12", minimum required is "3.5") 
[1.342s] -- Using PYTHON_EXECUTABLE: /usr/bin/python3
[1.342s] -- Using PYTHON_INCLUDE_DIRS: /usr/include/python3.10
[1.342s] -- Using PYTHON_LIBRARIES: /usr/lib/x86_64-linux-gnu/libpython3.10.so
[1.359s] -- Found PythonExtra: .so  
[1.443s] -- Found ament_lint_auto: 0.12.15 (/opt/ros/humble/share/ament_lint_auto/cmake)
[1.465s] -- Added test 'lint_cmake' to check CMake code style
[1.466s] -- Added test 'xmllint' to check XML markup files
[1.468s] -- Configuring done
[1.486s] -- Generating done
[1.493s] -- Build files have been written to: /home/omi/action_ws/build/my_robot_interface
[1.500s] Invoked command in '/home/omi/action_ws/build/my_robot_interface' returned '0': CMAKE_PREFIX_PATH=${CMAKE_PREFIX_PATH}:/home/omi/action_ws/install/my_py_pkg:/home/omi/ws_dec2/install/samplebot_description:/home/omi/ws_dec2/install/bot_slam:/home/omi/ws_dec2/install/bot_nav:/opt/ros/humble /usr/bin/cmake /home/omi/action_ws/src/my_robot_interface -DCMAKE_INSTALL_PREFIX=/home/omi/action_ws/install/my_robot_interface
[1.502s] Invoking command in '/home/omi/action_ws/build/my_robot_interface': CMAKE_PREFIX_PATH=${CMAKE_PREFIX_PATH}:/home/omi/action_ws/install/my_py_pkg:/home/omi/ws_dec2/install/samplebot_description:/home/omi/ws_dec2/install/bot_slam:/home/omi/ws_dec2/install/bot_nav:/opt/ros/humble /usr/bin/cmake --build /home/omi/action_ws/build/my_robot_interface -- -j16 -l16
[1.532s] [  3%] [34m[1mGenerating C code for ROS interfaces[0m
[1.539s] [  6%] [34m[1mGenerating C++ code for ROS interfaces[0m
[1.540s] [  9%] [34m[1mGenerating Rust code for ROS interfaces[0m
[1.545s] [  9%] Built target ament_cmake_python_copy_my_robot_interface
[1.705s] running egg_info
[1.705s] creating my_robot_interface.egg-info
[1.705s] writing my_robot_interface.egg-info/PKG-INFO
[1.706s] writing dependency_links to my_robot_interface.egg-info/dependency_links.txt
[1.706s] writing top-level names to my_robot_interface.egg-info/top_level.txt
[1.706s] writing manifest file 'my_robot_interface.egg-info/SOURCES.txt'
[1.708s] reading manifest file 'my_robot_interface.egg-info/SOURCES.txt'
[1.708s] writing manifest file 'my_robot_interface.egg-info/SOURCES.txt'
[1.727s] [  9%] Built target my_robot_interface__rs
[1.729s] [  9%] Built target ament_cmake_python_build_my_robot_interface_egg
[1.821s] [  9%] Built target my_robot_interface__cpp
[1.825s] [ 12%] [32mBuilding C object CMakeFiles/my_robot_interface__rosidl_generator_c.dir/rosidl_generator_c/my_robot_interface/action/detail/count_until__functions.c.o[0m
[1.828s] [ 15%] [34m[1mGenerating C++ type support dispatch for ROS interfaces[0m
[1.830s] [ 21%] [34m[1mGenerating C++ type support for eProsima Fast-RTPS[0m
[1.830s] [ 21%] [34m[1mGenerating C++ introspection for ROS interfaces[0m
[1.922s] [ 25%] [32m[1mLinking C shared library libmy_robot_interface__rosidl_generator_c.so[0m
[1.956s] [ 25%] Built target my_robot_interface__rosidl_generator_c
[1.964s] [ 28%] [34m[1mGenerating C type support dispatch for ROS interfaces[0m
[1.966s] [ 34%] [34m[1mGenerating C introspection for ROS interfaces[0m
[1.966s] [ 34%] [34m[1mGenerating C type support for eProsima Fast-RTPS[0m
[2.044s] [ 37%] [32mBuilding CXX object CMakeFiles/my_robot_interface__rosidl_typesupport_cpp.dir/rosidl_typesupport_cpp/my_robot_interface/action/count_until__type_support.cpp.o[0m
[2.079s] [ 40%] [32mBuilding CXX object CMakeFiles/my_robot_interface__rosidl_typesupport_introspection_cpp.dir/rosidl_typesupport_introspection_cpp/my_robot_interface/action/detail/count_until__type_support.cpp.o[0m
[2.123s] [ 43%] [32mBuilding CXX object CMakeFiles/my_robot_interface__rosidl_typesupport_fastrtps_cpp.dir/rosidl_typesupport_fastrtps_cpp/my_robot_interface/action/detail/dds_fastrtps/count_until__type_support.cpp.o[0m
[2.208s] [ 46%] [32mBuilding CXX object CMakeFiles/my_robot_interface__rosidl_typesupport_c.dir/rosidl_typesupport_c/my_robot_interface/action/count_until__type_support.cpp.o[0m
[2.256s] [ 50%] [32m[1mLinking CXX shared library libmy_robot_interface__rosidl_typesupport_c.so[0m
[2.272s] [ 53%] [32mBuilding C object CMakeFiles/my_robot_interface__rosidl_typesupport_introspection_c.dir/rosidl_typesupport_introspection_c/my_robot_interface/action/detail/count_until__type_support.c.o[0m
[2.283s] [ 56%] [32mBuilding CXX object CMakeFiles/my_robot_interface__rosidl_typesupport_fastrtps_c.dir/rosidl_typesupport_fastrtps_c/my_robot_interface/action/detail/count_until__type_support_c.cpp.o[0m
[2.292s] [ 56%] Built target my_robot_interface__rosidl_typesupport_c
[2.313s] [ 59%] [32m[1mLinking C shared library libmy_robot_interface__rosidl_typesupport_introspection_c.so[0m
[2.345s] [ 59%] Built target my_robot_interface__rosidl_typesupport_introspection_c
[2.417s] [ 62%] [32m[1mLinking CXX shared library libmy_robot_interface__rosidl_typesupport_cpp.so[0m
[2.454s] [ 62%] Built target my_robot_interface__rosidl_typesupport_cpp
[2.522s] [ 65%] [32m[1mLinking CXX shared library libmy_robot_interface__rosidl_typesupport_introspection_cpp.so[0m
[2.528s] [ 68%] [32m[1mLinking CXX shared library libmy_robot_interface__rosidl_typesupport_fastrtps_c.so[0m
[2.530s] [ 71%] [32m[1mLinking CXX shared library libmy_robot_interface__rosidl_typesupport_fastrtps_cpp.so[0m
[2.580s] [ 71%] Built target my_robot_interface__rosidl_typesupport_introspection_cpp
[2.587s] [ 71%] Built target my_robot_interface__rosidl_typesupport_fastrtps_c
[2.588s] [ 71%] Built target my_robot_interface__rosidl_typesupport_fastrtps_cpp
[2.603s] [ 71%] Built target my_robot_interface
[2.620s] [ 75%] [34m[1mGenerating Python code for ROS interfaces[0m
[3.057s] [ 75%] Built target my_robot_interface__py
[3.074s] [ 78%] [32mBuilding C object CMakeFiles/my_robot_interface__rosidl_generator_py.dir/rosidl_generator_py/my_robot_interface/action/_count_until_s.c.o[0m
[3.184s] [ 81%] [32m[1mLinking C shared library rosidl_generator_py/my_robot_interface/libmy_robot_interface__rosidl_generator_py.so[0m
[3.222s] [ 81%] Built target my_robot_interface__rosidl_generator_py
[3.238s] [ 84%] [32mBuilding C object CMakeFiles/my_robot_interface__rosidl_typesupport_c__pyext.dir/rosidl_generator_py/my_robot_interface/_my_robot_interface_s.ep.rosidl_typesupport_c.c.o[0m
[3.239s] [ 87%] [32mBuilding C object CMakeFiles/my_robot_interface__rosidl_typesupport_introspection_c__pyext.dir/rosidl_generator_py/my_robot_interface/_my_robot_interface_s.ep.rosidl_typesupport_introspection_c.c.o[0m
[3.240s] [ 90%] [32mBuilding C object CMakeFiles/my_robot_interface__rosidl_typesupport_fastrtps_c__pyext.dir/rosidl_generator_py/my_robot_interface/_my_robot_interface_s.ep.rosidl_typesupport_fastrtps_c.c.o[0m
[3.313s] [ 93%] [32m[1mLinking C shared library rosidl_generator_py/my_robot_interface/my_robot_interface_s__rosidl_typesupport_fastrtps_c.cpython-310-x86_64-linux-gnu.so[0m
[3.314s] [ 96%] [32m[1mLinking C shared library rosidl_generator_py/my_robot_interface/my_robot_interface_s__rosidl_typesupport_introspection_c.cpython-310-x86_64-linux-gnu.so[0m
[3.315s] [100%] [32m[1mLinking C shared library rosidl_generator_py/my_robot_interface/my_robot_interface_s__rosidl_typesupport_c.cpython-310-x86_64-linux-gnu.so[0m
[3.342s] [100%] Built target my_robot_interface__rosidl_typesupport_introspection_c__pyext
[3.343s] [100%] Built target my_robot_interface__rosidl_typesupport_fastrtps_c__pyext
[3.345s] [100%] Built target my_robot_interface__rosidl_typesupport_c__pyext
[3.354s] Invoked command in '/home/omi/action_ws/build/my_robot_interface' returned '0': CMAKE_PREFIX_PATH=${CMAKE_PREFIX_PATH}:/home/omi/action_ws/install/my_py_pkg:/home/omi/ws_dec2/install/samplebot_description:/home/omi/ws_dec2/install/bot_slam:/home/omi/ws_dec2/install/bot_nav:/opt/ros/humble /usr/bin/cmake --build /home/omi/action_ws/build/my_robot_interface -- -j16 -l16
[3.362s] Invoking command in '/home/omi/action_ws/build/my_robot_interface': CMAKE_PREFIX_PATH=${CMAKE_PREFIX_PATH}:/home/omi/action_ws/install/my_py_pkg:/home/omi/ws_dec2/install/samplebot_description:/home/omi/ws_dec2/install/bot_slam:/home/omi/ws_dec2/install/bot_nav:/opt/ros/humble /usr/bin/cmake --install /home/omi/action_ws/build/my_robot_interface
[3.367s] -- Install configuration: ""
[3.367s] -- Installing: /home/omi/action_ws/install/my_robot_interface/share/ament_index/resource_index/rosidl_interfaces/my_robot_interface
[3.368s] -- Installing: /home/omi/action_ws/install/my_robot_interface/include/my_robot_interface/my_robot_interface
[3.368s] -- Installing: /home/omi/action_ws/install/my_robot_interface/include/my_robot_interface/my_robot_interface/action
[3.368s] -- Installing: /home/omi/action_ws/install/my_robot_interface/include/my_robot_interface/my_robot_interface/action/count_until.h
[3.368s] -- Installing: /home/omi/action_ws/install/my_robot_interface/include/my_robot_interface/my_robot_interface/action/detail
[3.368s] -- Installing: /home/omi/action_ws/install/my_robot_interface/include/my_robot_interface/my_robot_interface/action/detail/count_until__struct.h
[3.368s] -- Installing: /home/omi/action_ws/install/my_robot_interface/include/my_robot_interface/my_robot_interface/action/detail/count_until__functions.c
[3.368s] -- Installing: /home/omi/action_ws/install/my_robot_interface/include/my_robot_interface/my_robot_interface/action/detail/count_until__functions.h
[3.368s] -- Installing: /home/omi/action_ws/install/my_robot_interface/include/my_robot_interface/my_robot_interface/action/detail/count_until__type_support.h
[3.368s] -- Installing: /home/omi/action_ws/install/my_robot_interface/include/my_robot_interface/my_robot_interface/msg
[3.368s] -- Installing: /home/omi/action_ws/install/my_robot_interface/include/my_robot_interface/my_robot_interface/msg/rosidl_generator_c__visibility_control.h
[3.368s] -- Installing: /home/omi/action_ws/install/my_robot_interface/share/my_robot_interface/environment/library_path.sh
[3.368s] -- Installing: /home/omi/action_ws/install/my_robot_interface/share/my_robot_interface/environment/library_path.dsv
[3.368s] -- Installing: /home/omi/action_ws/install/my_robot_interface/lib/libmy_robot_interface__rosidl_generator_c.so
[3.368s] -- Set runtime path of "/home/omi/action_ws/install/my_robot_interface/lib/libmy_robot_interface__rosidl_generator_c.so" to ""
[3.369s] -- Up-to-date: /home/omi/action_ws/install/my_robot_interface/include/my_robot_interface/my_robot_interface
[3.369s] -- Up-to-date: /home/omi/action_ws/install/my_robot_interface/include/my_robot_interface/my_robot_interface/action
[3.369s] -- Up-to-date: /home/omi/action_ws/install/my_robot_interface/include/my_robot_interface/my_robot_interface/action/detail
[3.369s] -- Installing: /home/omi/action_ws/install/my_robot_interface/include/my_robot_interface/my_robot_interface/action/detail/count_until__rosidl_typesupport_fastrtps_c.h
[3.369s] -- Up-to-date: /home/omi/action_ws/install/my_robot_interface/include/my_robot_interface/my_robot_interface/msg
[3.369s] -- Installing: /home/omi/action_ws/install/my_robot_interface/include/my_robot_interface/my_robot_interface/msg/rosidl_typesupport_fastrtps_c__visibility_control.h
[3.369s] -- Installing: /home/omi/action_ws/install/my_robot_interface/lib/libmy_robot_interface__rosidl_typesupport_fastrtps_c.so
[3.369s] -- Set runtime path of "/home/omi/action_ws/install/my_robot_interface/lib/libmy_robot_interface__rosidl_typesupport_fastrtps_c.so" to ""
[3.369s] -- Up-to-date: /home/omi/action_ws/install/my_robot_interface/include/my_robot_interface/my_robot_interface
[3.369s] -- Up-to-date: /home/omi/action_ws/install/my_robot_interface/include/my_robot_interface/my_robot_interface/action
[3.369s] -- Up-to-date: /home/omi/action_ws/install/my_robot_interface/include/my_robot_interface/my_robot_interface/action/detail
[3.369s] -- Installing: /home/omi/action_ws/install/my_robot_interface/include/my_robot_interface/my_robot_interface/action/detail/count_until__type_support.c
[3.369s] -- Installing: /home/omi/action_ws/install/my_robot_interface/include/my_robot_interface/my_robot_interface/action/detail/count_until__rosidl_typesupport_introspection_c.h
[3.369s] -- Up-to-date: /home/omi/action_ws/install/my_robot_interface/include/my_robot_interface/my_robot_interface/msg
[3.369s] -- Installing: /home/omi/action_ws/install/my_robot_interface/include/my_robot_interface/my_robot_interface/msg/rosidl_typesupport_introspection_c__visibility_control.h
[3.369s] -- Installing: /home/omi/action_ws/install/my_robot_interface/lib/libmy_robot_interface__rosidl_typesupport_introspection_c.so
[3.369s] -- Set runtime path of "/home/omi/action_ws/install/my_robot_interface/lib/libmy_robot_interface__rosidl_typesupport_introspection_c.so" to ""
[3.369s] -- Installing: /home/omi/action_ws/install/my_robot_interface/lib/libmy_robot_interface__rosidl_typesupport_c.so
[3.370s] -- Set runtime path of "/home/omi/action_ws/install/my_robot_interface/lib/libmy_robot_interface__rosidl_typesupport_c.so" to ""
[3.370s] -- Up-to-date: /home/omi/action_ws/install/my_robot_interface/include/my_robot_interface/my_robot_interface
[3.370s] -- Up-to-date: /home/omi/action_ws/install/my_robot_interface/include/my_robot_interface/my_robot_interface/action
[3.370s] -- Up-to-date: /home/omi/action_ws/install/my_robot_interface/include/my_robot_interface/my_robot_interface/action/detail
[3.370s] -- Installing: /home/omi/action_ws/install/my_robot_interface/include/my_robot_interface/my_robot_interface/action/detail/count_until__traits.hpp
[3.370s] -- Installing: /home/omi/action_ws/install/my_robot_interface/include/my_robot_interface/my_robot_interface/action/detail/count_until__builder.hpp
[3.370s] -- Installing: /home/omi/action_ws/install/my_robot_interface/include/my_robot_interface/my_robot_interface/action/detail/count_until__type_support.hpp
[3.370s] -- Installing: /home/omi/action_ws/install/my_robot_interface/include/my_robot_interface/my_robot_interface/action/detail/count_until__struct.hpp
[3.370s] -- Installing: /home/omi/action_ws/install/my_robot_interface/include/my_robot_interface/my_robot_interface/action/count_until.hpp
[3.370s] -- Up-to-date: /home/omi/action_ws/install/my_robot_interface/include/my_robot_interface/my_robot_interface/msg
[3.370s] -- Installing: /home/omi/action_ws/install/my_robot_interface/include/my_robot_interface/my_robot_interface/msg/rosidl_generator_cpp__visibility_control.hpp
[3.370s] -- Up-to-date: /home/omi/action_ws/install/my_robot_interface/include/my_robot_interface/my_robot_interface
[3.370s] -- Up-to-date: /home/omi/action_ws/install/my_robot_interface/include/my_robot_interface/my_robot_interface/action
[3.370s] -- Up-to-date: /home/omi/action_ws/install/my_robot_interface/include/my_robot_interface/my_robot_interface/action/detail
[3.370s] -- Installing: /home/omi/action_ws/install/my_robot_interface/include/my_robot_interface/my_robot_interface/action/detail/dds_fastrtps
[3.370s] -- Installing: /home/omi/action_ws/install/my_robot_interface/include/my_robot_interface/my_robot_interface/action/detail/count_until__rosidl_typesupport_fastrtps_cpp.hpp
[3.370s] -- Up-to-date: /home/omi/action_ws/install/my_robot_interface/include/my_robot_interface/my_robot_interface/msg
[3.370s] -- Installing: /home/omi/action_ws/install/my_robot_interface/include/my_robot_interface/my_robot_interface/msg/rosidl_typesupport_fastrtps_cpp__visibility_control.h
[3.371s] -- Installing: /home/omi/action_ws/install/my_robot_interface/lib/libmy_robot_interface__rosidl_typesupport_fastrtps_cpp.so
[3.371s] -- Set runtime path of "/home/omi/action_ws/install/my_robot_interface/lib/libmy_robot_interface__rosidl_typesupport_fastrtps_cpp.so" to ""
[3.371s] -- Up-to-date: /home/omi/action_ws/install/my_robot_interface/include/my_robot_interface/my_robot_interface
[3.371s] -- Up-to-date: /home/omi/action_ws/install/my_robot_interface/include/my_robot_interface/my_robot_interface/action
[3.371s] -- Up-to-date: /home/omi/action_ws/install/my_robot_interface/include/my_robot_interface/my_robot_interface/action/detail
[3.371s] -- Installing: /home/omi/action_ws/install/my_robot_interface/include/my_robot_interface/my_robot_interface/action/detail/count_until__type_support.cpp
[3.371s] -- Installing: /home/omi/action_ws/install/my_robot_interface/include/my_robot_interface/my_robot_interface/action/detail/count_until__rosidl_typesupport_introspection_cpp.hpp
[3.371s] -- Installing: /home/omi/action_ws/install/my_robot_interface/lib/libmy_robot_interface__rosidl_typesupport_introspection_cpp.so
[3.371s] -- Set runtime path of "/home/omi/action_ws/install/my_robot_interface/lib/libmy_robot_interface__rosidl_typesupport_introspection_cpp.so" to ""
[3.371s] -- Installing: /home/omi/action_ws/install/my_robot_interface/lib/libmy_robot_interface__rosidl_typesupport_cpp.so
[3.371s] -- Set runtime path of "/home/omi/action_ws/install/my_robot_interface/lib/libmy_robot_interface__rosidl_typesupport_cpp.so" to ""
[3.371s] -- Installing: /home/omi/action_ws/install/my_robot_interface/share/my_robot_interface/environment/pythonpath.sh
[3.371s] -- Installing: /home/omi/action_ws/install/my_robot_interface/share/my_robot_interface/environment/pythonpath.dsv
[3.371s] -- Installing: /home/omi/action_ws/install/my_robot_interface/local/lib/python3.10/dist-packages/my_robot_interface-0.0.0-py3.10.egg-info
[3.371s] -- Installing: /home/omi/action_ws/install/my_robot_interface/local/lib/python3.10/dist-packages/my_robot_interface-0.0.0-py3.10.egg-info/dependency_links.txt
[3.371s] -- Installing: /home/omi/action_ws/install/my_robot_interface/local/lib/python3.10/dist-packages/my_robot_interface-0.0.0-py3.10.egg-info/SOURCES.txt
[3.372s] -- Installing: /home/omi/action_ws/install/my_robot_interface/local/lib/python3.10/dist-packages/my_robot_interface-0.0.0-py3.10.egg-info/top_level.txt
[3.372s] -- Installing: /home/omi/action_ws/install/my_robot_interface/local/lib/python3.10/dist-packages/my_robot_interface-0.0.0-py3.10.egg-info/PKG-INFO
[3.372s] -- Installing: /home/omi/action_ws/install/my_robot_interface/local/lib/python3.10/dist-packages/my_robot_interface
[3.372s] -- Installing: /home/omi/action_ws/install/my_robot_interface/local/lib/python3.10/dist-packages/my_robot_interface/__init__.py
[3.372s] -- Installing: /home/omi/action_ws/install/my_robot_interface/local/lib/python3.10/dist-packages/my_robot_interface/my_robot_interface_s__rosidl_typesupport_c.cpython-310-x86_64-linux-gnu.so
[3.372s] -- Installing: /home/omi/action_ws/install/my_robot_interface/local/lib/python3.10/dist-packages/my_robot_interface/_my_robot_interface_s.ep.rosidl_typesupport_introspection_c.c
[3.372s] -- Installing: /home/omi/action_ws/install/my_robot_interface/local/lib/python3.10/dist-packages/my_robot_interface/libmy_robot_interface__rosidl_generator_py.so
[3.372s] -- Installing: /home/omi/action_ws/install/my_robot_interface/local/lib/python3.10/dist-packages/my_robot_interface/action
[3.372s] -- Installing: /home/omi/action_ws/install/my_robot_interface/local/lib/python3.10/dist-packages/my_robot_interface/action/__init__.py
[3.372s] -- Installing: /home/omi/action_ws/install/my_robot_interface/local/lib/python3.10/dist-packages/my_robot_interface/action/_count_until.py
[3.372s] -- Installing: /home/omi/action_ws/install/my_robot_interface/local/lib/python3.10/dist-packages/my_robot_interface/action/_count_until_s.c
[3.372s] -- Installing: /home/omi/action_ws/install/my_robot_interface/local/lib/python3.10/dist-packages/my_robot_interface/_my_robot_interface_s.ep.rosidl_typesupport_fastrtps_c.c
[3.372s] -- Installing: /home/omi/action_ws/install/my_robot_interface/local/lib/python3.10/dist-packages/my_robot_interface/my_robot_interface_s__rosidl_typesupport_fastrtps_c.cpython-310-x86_64-linux-gnu.so
[3.372s] -- Installing: /home/omi/action_ws/install/my_robot_interface/local/lib/python3.10/dist-packages/my_robot_interface/_my_robot_interface_s.ep.rosidl_typesupport_c.c
[3.372s] -- Installing: /home/omi/action_ws/install/my_robot_interface/local/lib/python3.10/dist-packages/my_robot_interface/my_robot_interface_s__rosidl_typesupport_introspection_c.cpython-310-x86_64-linux-gnu.so
[3.400s] Listing '/home/omi/action_ws/install/my_robot_interface/local/lib/python3.10/dist-packages/my_robot_interface'...
[3.401s] Compiling '/home/omi/action_ws/install/my_robot_interface/local/lib/python3.10/dist-packages/my_robot_interface/__init__.py'...
[3.401s] Listing '/home/omi/action_ws/install/my_robot_interface/local/lib/python3.10/dist-packages/my_robot_interface/action'...
[3.401s] Compiling '/home/omi/action_ws/install/my_robot_interface/local/lib/python3.10/dist-packages/my_robot_interface/action/__init__.py'...
[3.401s] Compiling '/home/omi/action_ws/install/my_robot_interface/local/lib/python3.10/dist-packages/my_robot_interface/action/_count_until.py'...
[3.404s] -- Installing: /home/omi/action_ws/install/my_robot_interface/local/lib/python3.10/dist-packages/my_robot_interface/my_robot_interface_s__rosidl_typesupport_fastrtps_c.cpython-310-x86_64-linux-gnu.so
[3.404s] -- Set runtime path of "/home/omi/action_ws/install/my_robot_interface/local/lib/python3.10/dist-packages/my_robot_interface/my_robot_interface_s__rosidl_typesupport_fastrtps_c.cpython-310-x86_64-linux-gnu.so" to ""
[3.404s] -- Installing: /home/omi/action_ws/install/my_robot_interface/local/lib/python3.10/dist-packages/my_robot_interface/my_robot_interface_s__rosidl_typesupport_introspection_c.cpython-310-x86_64-linux-gnu.so
[3.404s] -- Set runtime path of "/home/omi/action_ws/install/my_robot_interface/local/lib/python3.10/dist-packages/my_robot_interface/my_robot_interface_s__rosidl_typesupport_introspection_c.cpython-310-x86_64-linux-gnu.so" to ""
[3.404s] -- Installing: /home/omi/action_ws/install/my_robot_interface/local/lib/python3.10/dist-packages/my_robot_interface/my_robot_interface_s__rosidl_typesupport_c.cpython-310-x86_64-linux-gnu.so
[3.404s] -- Set runtime path of "/home/omi/action_ws/install/my_robot_interface/local/lib/python3.10/dist-packages/my_robot_interface/my_robot_interface_s__rosidl_typesupport_c.cpython-310-x86_64-linux-gnu.so" to ""
[3.404s] -- Installing: /home/omi/action_ws/install/my_robot_interface/lib/libmy_robot_interface__rosidl_generator_py.so
[3.404s] -- Set runtime path of "/home/omi/action_ws/install/my_robot_interface/lib/libmy_robot_interface__rosidl_generator_py.so" to ""
[3.404s] -- Installing: /home/omi/action_ws/install/my_robot_interface/share/ament_index/resource_index/rust_packages/my_robot_interface
[3.404s] -- Installing: /home/omi/action_ws/install/my_robot_interface/share/my_robot_interface/rust
[3.404s] -- Installing: /home/omi/action_ws/install/my_robot_interface/share/my_robot_interface/rust/Cargo.toml
[3.404s] -- Installing: /home/omi/action_ws/install/my_robot_interface/share/my_robot_interface/rust/build.rs
[3.404s] -- Installing: /home/omi/action_ws/install/my_robot_interface/share/my_robot_interface/rust/src
[3.404s] -- Installing: /home/omi/action_ws/install/my_robot_interface/share/my_robot_interface/rust/src/action.rs
[3.404s] -- Installing: /home/omi/action_ws/install/my_robot_interface/share/my_robot_interface/rust/src/action
[3.405s] -- Installing: /home/omi/action_ws/install/my_robot_interface/share/my_robot_interface/rust/src/action/rmw.rs
[3.405s] -- Installing: /home/omi/action_ws/install/my_robot_interface/share/my_robot_interface/rust/src/lib.rs
[3.405s] -- Installing: /home/omi/action_ws/install/my_robot_interface/share/my_robot_interface/action/CountUntil.idl
[3.405s] -- Installing: /home/omi/action_ws/install/my_robot_interface/share/my_robot_interface/action/CountUntil.action
[3.405s] -- Installing: /home/omi/action_ws/install/my_robot_interface/share/ament_index/resource_index/package_run_dependencies/my_robot_interface
[3.405s] -- Installing: /home/omi/action_ws/install/my_robot_interface/share/ament_index/resource_index/parent_prefix_path/my_robot_interface
[3.405s] -- Installing: /home/omi/action_ws/install/my_robot_interface/share/my_robot_interface/environment/ament_prefix_path.sh
[3.405s] -- Installing: /home/omi/action_ws/install/my_robot_interface/share/my_robot_interface/environment/ament_prefix_path.dsv
[3.405s] -- Installing: /home/omi/action_ws/install/my_robot_interface/share/my_robot_interface/environment/path.sh
[3.405s] -- Installing: /home/omi/action_ws/install/my_robot_interface/share/my_robot_interface/environment/path.dsv
[3.405s] -- Installing: /home/omi/action_ws/install/my_robot_interface/share/my_robot_interface/local_setup.bash
[3.405s] -- Installing: /home/omi/action_ws/install/my_robot_interface/share/my_robot_interface/local_setup.sh
[3.405s] -- Installing: /home/omi/action_ws/install/my_robot_interface/share/my_robot_interface/local_setup.zsh
[3.405s] -- Installing: /home/omi/action_ws/install/my_robot_interface/share/my_robot_interface/local_setup.dsv
[3.405s] -- Installing: /home/omi/action_ws/install/my_robot_interface/share/my_robot_interface/package.dsv
[3.405s] -- Installing: /home/omi/action_ws/install/my_robot_interface/share/ament_index/resource_index/packages/my_robot_interface
[3.405s] -- Installing: /home/omi/action_ws/install/my_robot_interface/share/my_robot_interface/cmake/export_my_robot_interface__rosidl_generator_cExport.cmake
[3.405s] -- Installing: /home/omi/action_ws/install/my_robot_interface/share/my_robot_interface/cmake/export_my_robot_interface__rosidl_generator_cExport-noconfig.cmake
[3.405s] -- Installing: /home/omi/action_ws/install/my_robot_interface/share/my_robot_interface/cmake/export_my_robot_interface__rosidl_typesupport_fastrtps_cExport.cmake
[3.405s] -- Installing: /home/omi/action_ws/install/my_robot_interface/share/my_robot_interface/cmake/export_my_robot_interface__rosidl_typesupport_fastrtps_cExport-noconfig.cmake
[3.405s] -- Installing: /home/omi/action_ws/install/my_robot_interface/share/my_robot_interface/cmake/my_robot_interface__rosidl_typesupport_introspection_cExport.cmake
[3.406s] -- Installing: /home/omi/action_ws/install/my_robot_interface/share/my_robot_interface/cmake/my_robot_interface__rosidl_typesupport_introspection_cExport-noconfig.cmake
[3.406s] -- Installing: /home/omi/action_ws/install/my_robot_interface/share/my_robot_interface/cmake/my_robot_interface__rosidl_typesupport_cExport.cmake
[3.406s] -- Installing: /home/omi/action_ws/install/my_robot_interface/share/my_robot_interface/cmake/my_robot_interface__rosidl_typesupport_cExport-noconfig.cmake
[3.406s] -- Installing: /home/omi/action_ws/install/my_robot_interface/share/my_robot_interface/cmake/export_my_robot_interface__rosidl_generator_cppExport.cmake
[3.406s] -- Installing: /home/omi/action_ws/install/my_robot_interface/share/my_robot_interface/cmake/export_my_robot_interface__rosidl_typesupport_fastrtps_cppExport.cmake
[3.406s] -- Installing: /home/omi/action_ws/install/my_robot_interface/share/my_robot_interface/cmake/export_my_robot_interface__rosidl_typesupport_fastrtps_cppExport-noconfig.cmake
[3.406s] -- Installing: /home/omi/action_ws/install/my_robot_interface/share/my_robot_interface/cmake/my_robot_interface__rosidl_typesupport_introspection_cppExport.cmake
[3.406s] -- Installing: /home/omi/action_ws/install/my_robot_interface/share/my_robot_interface/cmake/my_robot_interface__rosidl_typesupport_introspection_cppExport-noconfig.cmake
[3.406s] -- Installing: /home/omi/action_ws/install/my_robot_interface/share/my_robot_interface/cmake/my_robot_interface__rosidl_typesupport_cppExport.cmake
[3.406s] -- Installing: /home/omi/action_ws/install/my_robot_interface/share/my_robot_interface/cmake/my_robot_interface__rosidl_typesupport_cppExport-noconfig.cmake
[3.406s] -- Installing: /home/omi/action_ws/install/my_robot_interface/share/my_robot_interface/cmake/export_my_robot_interface__rosidl_generator_pyExport.cmake
[3.406s] -- Installing: /home/omi/action_ws/install/my_robot_interface/share/my_robot_interface/cmake/export_my_robot_interface__rosidl_generator_pyExport-noconfig.cmake
[3.406s] -- Installing: /home/omi/action_ws/install/my_robot_interface/share/my_robot_interface/cmake/rosidl_cmake-extras.cmake
[3.406s] -- Installing: /home/omi/action_ws/install/my_robot_interface/share/my_robot_interface/cmake/ament_cmake_export_dependencies-extras.cmake
[3.406s] -- Installing: /home/omi/action_ws/install/my_robot_interface/share/my_robot_interface/cmake/ament_cmake_export_include_directories-extras.cmake
[3.406s] -- Installing: /home/omi/action_ws/install/my_robot_interface/share/my_robot_interface/cmake/ament_cmake_export_libraries-extras.cmake
[3.406s] -- Installing: /home/omi/action_ws/install/my_robot_interface/share/my_robot_interface/cmake/ament_cmake_export_targets-extras.cmake
[3.406s] -- Installing: /home/omi/action_ws/install/my_robot_interface/share/my_robot_interface/cmake/rosidl_cmake_export_typesupport_targets-extras.cmake
[3.406s] -- Installing: /home/omi/action_ws/install/my_robot_interface/share/my_robot_interface/cmake/rosidl_cmake_export_typesupport_libraries-extras.cmake
[3.407s] -- Installing: /home/omi/action_ws/install/my_robot_interface/share/my_robot_interface/cmake/my_robot_interfaceConfig.cmake
[3.407s] -- Installing: /home/omi/action_ws/install/my_robot_interface/share/my_robot_interface/cmake/my_robot_interfaceConfig-version.cmake
[3.407s] -- Installing: /home/omi/action_ws/install/my_robot_interface/share/my_robot_interface/package.xml
[3.408s] Invoked command in '/home/omi/action_ws/build/my_robot_interface' returned '0': CMAKE_PREFIX_PATH=${CMAKE_PREFIX_PATH}:/home/omi/action_ws/install/my_py_pkg:/home/omi/ws_dec2/install/samplebot_description:/home/omi/ws_dec2/install/bot_slam:/home/omi/ws_dec2/install/bot_nav:/opt/ros/humble /usr/bin/cmake --install /home/omi/action_ws/build/my_robot_interface
