[0.450s] Invoking command in '/home/omi/action_ws/src/my_py_pkg': PYTHONPATH=/home/omi/action_ws/build/my_py_pkg/prefix_override:/usr/lib/python3/dist-packages/colcon_core/task/python/colcon_distutils_commands:/home/omi/action_ws/install/my_py_pkg/lib/python3.10/site-packages:${PYTHONPATH} /usr/bin/python3 -W ignore:setup.py install is deprecated -W ignore:easy_install command is deprecated setup.py egg_info --egg-base ../../build/my_py_pkg build --build-base /home/omi/action_ws/build/my_py_pkg/build install --record /home/omi/action_ws/build/my_py_pkg/install.log --single-version-externally-managed
[0.574s] running egg_info
[0.575s] writing ../../build/my_py_pkg/my_py_pkg.egg-info/PKG-INFO
[0.576s] writing dependency_links to ../../build/my_py_pkg/my_py_pkg.egg-info/dependency_links.txt
[0.576s] writing entry points to ../../build/my_py_pkg/my_py_pkg.egg-info/entry_points.txt
[0.576s] writing requirements to ../../build/my_py_pkg/my_py_pkg.egg-info/requires.txt
[0.576s] writing top-level names to ../../build/my_py_pkg/my_py_pkg.egg-info/top_level.txt
[0.577s] reading manifest file '../../build/my_py_pkg/my_py_pkg.egg-info/SOURCES.txt'
[0.578s] writing manifest file '../../build/my_py_pkg/my_py_pkg.egg-info/SOURCES.txt'
[0.578s] running build
[0.578s] running build_py
[0.578s] copying my_py_pkg/count_until_client.py -> /home/omi/action_ws/build/my_py_pkg/build/lib/my_py_pkg
[0.578s] running install
[0.578s] running install_lib
[0.579s] copying /home/omi/action_ws/build/my_py_pkg/build/lib/my_py_pkg/count_until_client.py -> /home/omi/action_ws/install/my_py_pkg/lib/python3.10/site-packages/my_py_pkg
[0.579s] byte-compiling /home/omi/action_ws/install/my_py_pkg/lib/python3.10/site-packages/my_py_pkg/count_until_client.py to count_until_client.cpython-310.pyc
[0.580s] running install_egg_info
[0.581s] removing '/home/omi/action_ws/install/my_py_pkg/lib/python3.10/site-packages/my_py_pkg-0.0.0-py3.10.egg-info' (and everything under it)
[0.581s] Copying ../../build/my_py_pkg/my_py_pkg.egg-info to /home/omi/action_ws/install/my_py_pkg/lib/python3.10/site-packages/my_py_pkg-0.0.0-py3.10.egg-info
[0.581s] running install_scripts
[0.592s] Installing count_until_client script to /home/omi/action_ws/install/my_py_pkg/lib/my_py_pkg
[0.593s] Installing count_until_server script to /home/omi/action_ws/install/my_py_pkg/lib/my_py_pkg
[0.593s] writing list of installed files to '/home/omi/action_ws/build/my_py_pkg/install.log'
[0.608s] Invoked command in '/home/omi/action_ws/src/my_py_pkg' returned '0': PYTHONPATH=/home/omi/action_ws/build/my_py_pkg/prefix_override:/usr/lib/python3/dist-packages/colcon_core/task/python/colcon_distutils_commands:/home/omi/action_ws/install/my_py_pkg/lib/python3.10/site-packages:${PYTHONPATH} /usr/bin/python3 -W ignore:setup.py install is deprecated -W ignore:easy_install command is deprecated setup.py egg_info --egg-base ../../build/my_py_pkg build --build-base /home/omi/action_ws/build/my_py_pkg/build install --record /home/omi/action_ws/build/my_py_pkg/install.log --single-version-externally-managed
