running egg_info
creating ../../build/my_py_pkg/my_py_pkg.egg-info
writing ../../build/my_py_pkg/my_py_pkg.egg-info/PKG-INFO
writing dependency_links to ../../build/my_py_pkg/my_py_pkg.egg-info/dependency_links.txt
writing entry points to ../../build/my_py_pkg/my_py_pkg.egg-info/entry_points.txt
writing requirements to ../../build/my_py_pkg/my_py_pkg.egg-info/requires.txt
writing top-level names to ../../build/my_py_pkg/my_py_pkg.egg-info/top_level.txt
writing manifest file '../../build/my_py_pkg/my_py_pkg.egg-info/SOURCES.txt'
reading manifest file '../../build/my_py_pkg/my_py_pkg.egg-info/SOURCES.txt'
writing manifest file '../../build/my_py_pkg/my_py_pkg.egg-info/SOURCES.txt'
running build
running build_py
creating /home/omi/action_ws/build/my_py_pkg/build
creating /home/omi/action_ws/build/my_py_pkg/build/lib
creating /home/omi/action_ws/build/my_py_pkg/build/lib/my_py_pkg
copying my_py_pkg/__init__.py -> /home/omi/action_ws/build/my_py_pkg/build/lib/my_py_pkg
copying my_py_pkg/count_until_server.py -> /home/omi/action_ws/build/my_py_pkg/build/lib/my_py_pkg
running install
running install_lib
creating /home/omi/action_ws/install/my_py_pkg/lib/python3.10/site-packages/my_py_pkg
copying /home/omi/action_ws/build/my_py_pkg/build/lib/my_py_pkg/__init__.py -> /home/omi/action_ws/install/my_py_pkg/lib/python3.10/site-packages/my_py_pkg
copying /home/omi/action_ws/build/my_py_pkg/build/lib/my_py_pkg/count_until_server.py -> /home/omi/action_ws/install/my_py_pkg/lib/python3.10/site-packages/my_py_pkg
byte-compiling /home/omi/action_ws/install/my_py_pkg/lib/python3.10/site-packages/my_py_pkg/__init__.py to __init__.cpython-310.pyc
byte-compiling /home/omi/action_ws/install/my_py_pkg/lib/python3.10/site-packages/my_py_pkg/count_until_server.py to count_until_server.cpython-310.pyc
running install_egg_info
Copying ../../build/my_py_pkg/my_py_pkg.egg-info to /home/omi/action_ws/install/my_py_pkg/lib/python3.10/site-packages/my_py_pkg-0.0.0-py3.10.egg-info
running install_scripts
Installing count_until_server script to /home/omi/action_ws/install/my_py_pkg/lib/my_py_pkg
writing list of installed files to '/home/omi/action_ws/build/my_py_pkg/install.log'
