[0.398s] Invoking command in '/home/omi/action_ws/src/my_py_pkg': PYTHONPATH=/home/omi/action_ws/build/my_py_pkg/prefix_override:/usr/lib/python3/dist-packages/colcon_core/task/python/colcon_distutils_commands:/home/omi/action_ws/install/my_py_pkg/lib/python3.10/site-packages:${PYTHONPATH} /usr/bin/python3 -W ignore:setup.py install is deprecated -W ignore:easy_install command is deprecated setup.py egg_info --egg-base ../../build/my_py_pkg build --build-base /home/omi/action_ws/build/my_py_pkg/build install --record /home/omi/action_ws/build/my_py_pkg/install.log --single-version-externally-managed
[0.546s] running egg_info
[0.546s] creating ../../build/my_py_pkg/my_py_pkg.egg-info
[0.546s] writing ../../build/my_py_pkg/my_py_pkg.egg-info/PKG-INFO
[0.546s] writing dependency_links to ../../build/my_py_pkg/my_py_pkg.egg-info/dependency_links.txt
[0.546s] writing entry points to ../../build/my_py_pkg/my_py_pkg.egg-info/entry_points.txt
[0.546s] writing requirements to ../../build/my_py_pkg/my_py_pkg.egg-info/requires.txt
[0.546s] writing top-level names to ../../build/my_py_pkg/my_py_pkg.egg-info/top_level.txt
[0.547s] writing manifest file '../../build/my_py_pkg/my_py_pkg.egg-info/SOURCES.txt'
[0.547s] reading manifest file '../../build/my_py_pkg/my_py_pkg.egg-info/SOURCES.txt'
[0.548s] writing manifest file '../../build/my_py_pkg/my_py_pkg.egg-info/SOURCES.txt'
[0.548s] running build
[0.548s] running build_py
[0.548s] creating /home/omi/action_ws/build/my_py_pkg/build
[0.548s] creating /home/omi/action_ws/build/my_py_pkg/build/lib
[0.548s] creating /home/omi/action_ws/build/my_py_pkg/build/lib/my_py_pkg
[0.548s] copying my_py_pkg/__init__.py -> /home/omi/action_ws/build/my_py_pkg/build/lib/my_py_pkg
[0.548s] copying my_py_pkg/count_until_server.py -> /home/omi/action_ws/build/my_py_pkg/build/lib/my_py_pkg
[0.548s] running install
[0.548s] running install_lib
[0.549s] creating /home/omi/action_ws/install/my_py_pkg/lib/python3.10/site-packages/my_py_pkg
[0.549s] copying /home/omi/action_ws/build/my_py_pkg/build/lib/my_py_pkg/__init__.py -> /home/omi/action_ws/install/my_py_pkg/lib/python3.10/site-packages/my_py_pkg
[0.549s] copying /home/omi/action_ws/build/my_py_pkg/build/lib/my_py_pkg/count_until_server.py -> /home/omi/action_ws/install/my_py_pkg/lib/python3.10/site-packages/my_py_pkg
[0.549s] byte-compiling /home/omi/action_ws/install/my_py_pkg/lib/python3.10/site-packages/my_py_pkg/__init__.py to __init__.cpython-310.pyc
[0.549s] byte-compiling /home/omi/action_ws/install/my_py_pkg/lib/python3.10/site-packages/my_py_pkg/count_until_server.py to count_until_server.cpython-310.pyc
[0.550s] running install_egg_info
[0.551s] Copying ../../build/my_py_pkg/my_py_pkg.egg-info to /home/omi/action_ws/install/my_py_pkg/lib/python3.10/site-packages/my_py_pkg-0.0.0-py3.10.egg-info
[0.551s] running install_scripts
[0.565s] Installing count_until_server script to /home/omi/action_ws/install/my_py_pkg/lib/my_py_pkg
[0.565s] writing list of installed files to '/home/omi/action_ws/build/my_py_pkg/install.log'
[0.580s] Invoked command in '/home/omi/action_ws/src/my_py_pkg' returned '0': PYTHONPATH=/home/omi/action_ws/build/my_py_pkg/prefix_override:/usr/lib/python3/dist-packages/colcon_core/task/python/colcon_distutils_commands:/home/omi/action_ws/install/my_py_pkg/lib/python3.10/site-packages:${PYTHONPATH} /usr/bin/python3 -W ignore:setup.py install is deprecated -W ignore:easy_install command is deprecated setup.py egg_info --egg-base ../../build/my_py_pkg build --build-base /home/omi/action_ws/build/my_py_pkg/build install --record /home/omi/action_ws/build/my_py_pkg/install.log --single-version-externally-managed
